Component: ARM Compiler 5.05 update 1 (build 106) Tool: armlink [4d0efa]

==============================================================================

Section Cross References

    startup_stm32h750xx.o(RESET) refers to startup_stm32h750xx.o(STACK) for __initial_sp
    startup_stm32h750xx.o(RESET) refers to startup_stm32h750xx.o(.text) for Reset_Handler
    startup_stm32h750xx.o(RESET) refers to stm32h7xx_it.o(i.NMI_Handler) for NMI_Handler
    startup_stm32h750xx.o(RESET) refers to stm32h7xx_it.o(i.HardFault_Handler) for HardFault_Handler
    startup_stm32h750xx.o(RESET) refers to stm32h7xx_it.o(i.MemManage_Handler) for MemManage_Handler
    startup_stm32h750xx.o(RESET) refers to stm32h7xx_it.o(i.BusFault_Handler) for BusFault_Handler
    startup_stm32h750xx.o(RESET) refers to stm32h7xx_it.o(i.UsageFault_Handler) for UsageFault_Handler
    startup_stm32h750xx.o(RESET) refers to stm32h7xx_it.o(i.SVC_Handler) for SVC_Handler
    startup_stm32h750xx.o(RESET) refers to stm32h7xx_it.o(i.DebugMon_Handler) for DebugMon_Handler
    startup_stm32h750xx.o(RESET) refers to stm32h7xx_it.o(i.PendSV_Handler) for PendSV_Handler
    startup_stm32h750xx.o(RESET) refers to stm32h7xx_it.o(i.SysTick_Handler) for SysTick_Handler
    startup_stm32h750xx.o(.text) refers to system_stm32h7xx.o(i.SystemInit) for SystemInit
    startup_stm32h750xx.o(.text) refers to entry.o(.ARM.Collect$$$$00000000) for __main
    main.o(i.Error_Handler) refers to main.o(i.LED_Blink) for LED_Blink
    main.o(i.LED_Blink) refers to stm32h7xx_hal_gpio.o(i.HAL_GPIO_WritePin) for HAL_GPIO_WritePin
    main.o(i.LED_Blink) refers to stm32h7xx_hal.o(i.HAL_Delay) for HAL_Delay
    main.o(i.MPU_Config) refers to stm32h7xx_hal_cortex.o(i.HAL_MPU_Disable) for HAL_MPU_Disable
    main.o(i.MPU_Config) refers to stm32h7xx_hal_cortex.o(i.HAL_MPU_ConfigRegion) for HAL_MPU_ConfigRegion
    main.o(i.MPU_Config) refers to stm32h7xx_hal_cortex.o(i.HAL_MPU_Enable) for HAL_MPU_Enable
    main.o(i.SystemClock_Config) refers to memseta.o(.text) for __aeabi_memclr4
    main.o(i.SystemClock_Config) refers to stm32h7xx_hal_pwr_ex.o(i.HAL_PWREx_ConfigSupply) for HAL_PWREx_ConfigSupply
    main.o(i.SystemClock_Config) refers to stm32h7xx_hal_rcc.o(i.HAL_RCC_OscConfig) for HAL_RCC_OscConfig
    main.o(i.SystemClock_Config) refers to main.o(i.LED_Blink) for LED_Blink
    main.o(i.SystemClock_Config) refers to stm32h7xx_hal_rcc.o(i.HAL_RCC_ClockConfig) for HAL_RCC_ClockConfig
    main.o(i.main) refers to main.o(i.MPU_Config) for MPU_Config
    main.o(i.main) refers to main.o(i.CPU_CACHE_Enable) for CPU_CACHE_Enable
    main.o(i.main) refers to stm32h7xx_hal.o(i.HAL_Init) for HAL_Init
    main.o(i.main) refers to main.o(i.SystemClock_Config) for SystemClock_Config
    main.o(i.main) refers to gpio.o(i.MX_GPIO_Init) for MX_GPIO_Init
    main.o(i.main) refers to adc.o(i.MX_ADC3_Init) for MX_ADC3_Init
    main.o(i.main) refers to spi.o(i.MX_SPI4_Init) for MX_SPI4_Init
    main.o(i.main) refers to tim.o(i.MX_TIM1_Init) for MX_TIM1_Init
    main.o(i.main) refers to lcd.o(i.LCD_Test) for LCD_Test
    main.o(i.main) refers to stm32h7xx_hal_adc_ex.o(i.HAL_ADCEx_Calibration_Start) for HAL_ADCEx_Calibration_Start
    main.o(i.main) refers to main.o(i.LED_Blink) for LED_Blink
    main.o(i.main) refers to stm32h7xx_hal_adc.o(i.HAL_ADC_Start) for HAL_ADC_Start
    main.o(i.main) refers to stm32h7xx_hal_adc.o(i.HAL_ADC_PollForConversion) for HAL_ADC_PollForConversion
    main.o(i.main) refers to stm32h7xx_hal_adc.o(i.HAL_ADC_GetValue) for HAL_ADC_GetValue
    main.o(i.main) refers to stm32h7xx_hal_adc.o(i.HAL_ADC_Stop) for HAL_ADC_Stop
    main.o(i.main) refers to printf8.o(i.__0sprintf$8) for __2sprintf
    main.o(i.main) refers to lcd.o(i.LCD_ShowString) for LCD_ShowString
    main.o(i.main) refers to adc.o(.bss) for hadc3
    main.o(i.main) refers to main.o(.bss) for .bss
    main.o(i.main) refers to main.o(.data) for .data
    main.o(i.main) refers to st7735.o(.bss) for ST7735Ctx
    gpio.o(i.MX_GPIO_Init) refers to memseta.o(.text) for __aeabi_memclr4
    gpio.o(i.MX_GPIO_Init) refers to stm32h7xx_hal_gpio.o(i.HAL_GPIO_WritePin) for HAL_GPIO_WritePin
    gpio.o(i.MX_GPIO_Init) refers to stm32h7xx_hal_gpio.o(i.HAL_GPIO_Init) for HAL_GPIO_Init
    adc.o(i.HAL_ADC_MspInit) refers to memseta.o(.text) for __aeabi_memclr4
    adc.o(i.HAL_ADC_MspInit) refers to stm32h7xx_hal_rcc_ex.o(i.HAL_RCCEx_PeriphCLKConfig) for HAL_RCCEx_PeriphCLKConfig
    adc.o(i.HAL_ADC_MspInit) refers to main.o(i.Error_Handler) for Error_Handler
    adc.o(i.HAL_ADC_MspInit) refers to stm32h7xx_hal.o(i.HAL_SYSCFG_AnalogSwitchConfig) for HAL_SYSCFG_AnalogSwitchConfig
    adc.o(i.MX_ADC3_Init) refers to memseta.o(.text) for __aeabi_memclr4
    adc.o(i.MX_ADC3_Init) refers to stm32h7xx_hal_adc.o(i.HAL_ADC_Init) for HAL_ADC_Init
    adc.o(i.MX_ADC3_Init) refers to main.o(i.Error_Handler) for Error_Handler
    adc.o(i.MX_ADC3_Init) refers to stm32h7xx_hal_adc.o(i.HAL_ADC_ConfigChannel) for HAL_ADC_ConfigChannel
[...]
    ../Drivers/STM32H7xx_HAL_Driver/Src/stm32h7xx_hal_pwr_ex.c 0x00000000   Number         0  stm32h7xx_hal_pwr_ex.o ABSOLUTE
    ../Drivers/STM32H7xx_HAL_Driver/Src/stm32h7xx_hal_rcc.c 0x00000000   Number         0  stm32h7xx_hal_rcc.o ABSOLUTE
    ../Drivers/STM32H7xx_HAL_Driver/Src/stm32h7xx_hal_rcc_ex.c 0x00000000   Number         0  stm32h7xx_hal_rcc_ex.o ABSOLUTE
    ../Drivers/STM32H7xx_HAL_Driver/Src/stm32h7xx_hal_spi.c 0x00000000   Number         0  stm32h7xx_hal_spi.o ABSOLUTE
    ../Drivers/STM32H7xx_HAL_Driver/Src/stm32h7xx_hal_spi_ex.c 0x00000000   Number         0  stm32h7xx_hal_spi_ex.o ABSOLUTE
    ../Drivers/STM32H7xx_HAL_Driver/Src/stm32h7xx_hal_tim.c 0x00000000   Number         0  stm32h7xx_hal_tim.o ABSOLUTE
    ../Drivers/STM32H7xx_HAL_Driver/Src/stm32h7xx_hal_tim_ex.c 0x00000000   Number         0  stm32h7xx_hal_tim_ex.o ABSOLUTE
    ../clib/microlib/division.c              0x00000000   Number         0  uidiv.o ABSOLUTE
    ../clib/microlib/division.c              0x00000000   Number         0  uldiv.o ABSOLUTE
    ../clib/microlib/init/entry.s            0x00000000   Number         0  entry2.o ABSOLUTE
    ../clib/microlib/init/entry.s            0x00000000   Number         0  entry5.o ABSOLUTE
    ../clib/microlib/init/entry.s            0x00000000   Number         0  entry10b.o ABSOLUTE
    ../clib/microlib/init/entry.s            0x00000000   Number         0  entry7a.o ABSOLUTE
    ../clib/microlib/init/entry.s            0x00000000   Number         0  entry7b.o ABSOLUTE
    ../clib/microlib/init/entry.s            0x00000000   Number         0  entry10a.o ABSOLUTE
    ../clib/microlib/init/entry.s            0x00000000   Number         0  entry.o ABSOLUTE
    ../clib/microlib/init/entry.s            0x00000000   Number         0  entry11b.o ABSOLUTE
    ../clib/microlib/init/entry.s            0x00000000   Number         0  entry8a.o ABSOLUTE
    ../clib/microlib/init/entry.s            0x00000000   Number         0  entry8b.o ABSOLUTE
    ../clib/microlib/init/entry.s            0x00000000   Number         0  entry11a.o ABSOLUTE
    ../clib/microlib/init/entry.s            0x00000000   Number         0  entry9a.o ABSOLUTE
    ../clib/microlib/init/entry.s            0x00000000   Number         0  entry9b.o ABSOLUTE
    ../clib/microlib/longlong.c              0x00000000   Number         0  llsshr.o ABSOLUTE
    ../clib/microlib/longlong.c              0x00000000   Number         0  llushr.o ABSOLUTE
    ../clib/microlib/longlong.c              0x00000000   Number         0  llshl.o ABSOLUTE
    ../clib/microlib/malloc/malloc.c         0x00000000   Number         0  malloca.o ABSOLUTE
    ../clib/microlib/malloc/malloc.c         0x00000000   Number         0  malloc.o ABSOLUTE
    ../clib/microlib/malloc/malloc.c         0x00000000   Number         0  mallocr.o ABSOLUTE
    ../clib/microlib/malloc/malloc.c         0x00000000   Number         0  mallocra.o ABSOLUTE
    ../clib/microlib/malloc/mvars.c          0x00000000   Number         0  mvars.o ABSOLUTE
    ../clib/microlib/printf/printf.c         0x00000000   Number         0  printf3.o ABSOLUTE
    ../clib/microlib/printf/printf.c         0x00000000   Number         0  printf5.o ABSOLUTE
    ../clib/microlib/printf/printf.c         0x00000000   Number         0  printfb.o ABSOLUTE
    ../clib/microlib/printf/printf.c         0x00000000   Number         0  printf4.o ABSOLUTE
    ../clib/microlib/printf/printf.c         0x00000000   Number         0  printf6.o ABSOLUTE
    ../clib/microlib/printf/printf.c         0x00000000   Number         0  printf7.o ABSOLUTE
    ../clib/microlib/printf/printf.c         0x00000000   Number         0  printf8.o ABSOLUTE
    ../clib/microlib/printf/printf.c         0x00000000   Number         0  printfa.o ABSOLUTE
    ../clib/microlib/printf/printf.c         0x00000000   Number         0  printf2.o ABSOLUTE
    ../clib/microlib/printf/printf.c         0x00000000   Number         0  printf1.o ABSOLUTE
    ../clib/microlib/printf/printf.c         0x00000000   Number         0  printf0.o ABSOLUTE
    ../clib/microlib/printf/stubs.s          0x00000000   Number         0  stubs.o ABSOLUTE
    ../clib/microlib/stdio/fputc.c           0x00000000   Number         0  fputc.o ABSOLUTE
    ../clib/microlib/stdio/semi.s            0x00000000   Number         0  semi.o ABSOLUTE
    ../clib/microlib/stdio/streams.c         0x00000000   Number         0  stdout.o ABSOLUTE
    ../clib/microlib/string/memcpy.c         0x00000000   Number         0  memcpya.o ABSOLUTE
    ../clib/microlib/string/memcpy.c         0x00000000   Number         0  memcpyb.o ABSOLUTE
    ../clib/microlib/string/memset.c         0x00000000   Number         0  memseta.o ABSOLUTE
    ../clib/microlib/stubs.s                 0x00000000   Number         0  iusesemip.o ABSOLUTE
    ../clib/microlib/stubs.s                 0x00000000   Number         0  iusefp.o ABSOLUTE
    ../fplib/microlib/fpadd.c                0x00000000   Number         0  dadd.o ABSOLUTE
    ../fplib/microlib/fpdiv.c                0x00000000   Number         0  ddiv.o ABSOLUTE
    ../fplib/microlib/fpepilogue.c           0x00000000   Number         0  depilogue.o ABSOLUTE
    ../fplib/microlib/fpfix.c                0x00000000   Number         0  dfixul.o ABSOLUTE
    ../fplib/microlib/fpmul.c                0x00000000   Number         0  dmul.o ABSOLUTE
    ..\Core\Src\adc.c                        0x00000000   Number         0  adc.o ABSOLUTE
    ..\Core\Src\debug.c                      0x00000000   Number         0  debug.o ABSOLUTE
    ..\Core\Src\gpio.c                       0x00000000   Number         0  gpio.o ABSOLUTE
    ..\Core\Src\main.c                       0x00000000   Number         0  main.o ABSOLUTE
    ..\Core\Src\spi.c                        0x00000000   Number         0  spi.o ABSOLUTE
    ..\Core\Src\stm32h7xx_hal_msp.c          0x00000000   Number         0  stm32h7xx_hal_msp.o ABSOLUTE
    ..\Core\Src\stm32h7xx_it.c               0x00000000   Number         0  stm32h7xx_it.o ABSOLUTE
    ..\Core\Src\system_stm32h7xx.c           0x00000000   Number         0  system_stm32h7xx.o ABSOLUTE
    ..\Core\Src\tim.c                        0x00000000   Number         0  tim.o ABSOLUTE
    ..\Drivers\BSP\ST7735\lcd.c              0x00000000   Number         0  lcd.o ABSOLUTE
    ..\Drivers\BSP\ST7735\logo_128_160.c     0x00000000   Number         0  logo_128_160.o ABSOLUTE
    ..\Drivers\BSP\ST7735\st7735.c           0x00000000   Number         0  st7735.o ABSOLUTE
    ..\Drivers\BSP\ST7735\st7735_reg.c       0x00000000   Number         0  st7735_reg.o ABSOLUTE
    ..\Drivers\STM32H7xx_HAL_Driver\Src\stm32h7xx_hal.c 0x00000000   Number         0  stm32h7xx_hal.o ABSOLUTE
    ..\Drivers\STM32H7xx_HAL_Driver\Src\stm32h7xx_hal_adc.c 0x00000000   Number         0  stm32h7xx_hal_adc.o ABSOLUTE
    ..\Drivers\STM32H7xx_HAL_Driver\Src\stm32h7xx_hal_adc_ex.c 0x00000000   Number         0  stm32h7xx_hal_adc_ex.o ABSOLUTE
    ..\Drivers\STM32H7xx_HAL_Driver\Src\stm32h7xx_hal_cortex.c 0x00000000   Number         0  stm32h7xx_hal_cortex.o ABSOLUTE
    ..\Drivers\STM32H7xx_HAL_Driver\Src\stm32h7xx_hal_dma.c 0x00000000   Number         0  stm32h7xx_hal_dma.o ABSOLUTE
    ..\Drivers\STM32H7xx_HAL_Driver\Src\stm32h7xx_hal_dma_ex.c 0x00000000   Number         0  stm32h7xx_hal_dma_ex.o ABSOLUTE
    ..\Drivers\STM32H7xx_HAL_Driver\Src\stm32h7xx_hal_exti.c 0x00000000   Number         0  stm32h7xx_hal_exti.o ABSOLUTE
    ..\Drivers\STM32H7xx_HAL_Driver\Src\stm32h7xx_hal_flash.c 0x00000000   Number         0  stm32h7xx_hal_flash.o ABSOLUTE
    ..\Drivers\STM32H7xx_HAL_Driver\Src\stm32h7xx_hal_flash_ex.c 0x00000000   Number         0  stm32h7xx_hal_flash_ex.o ABSOLUTE
    ..\Drivers\STM32H7xx_HAL_Driver\Src\stm32h7xx_hal_gpio.c 0x00000000   Number         0  stm32h7xx_hal_gpio.o ABSOLUTE
    ..\Drivers\STM32H7xx_HAL_Driver\Src\stm32h7xx_hal_hsem.c 0x00000000   Number         0  stm32h7xx_hal_hsem.o ABSOLUTE
    ..\Drivers\STM32H7xx_HAL_Driver\Src\stm32h7xx_hal_i2c.c 0x00000000   Number         0  stm32h7xx_hal_i2c.o ABSOLUTE
    ..\Drivers\STM32H7xx_HAL_Driver\Src\stm32h7xx_hal_i2c_ex.c 0x00000000   Number         0  stm32h7xx_hal_i2c_ex.o ABSOLUTE
    ..\Drivers\STM32H7xx_HAL_Driver\Src\stm32h7xx_hal_mdma.c 0x00000000   Number         0  stm32h7xx_hal_mdma.o ABSOLUTE
    ..\Drivers\STM32H7xx_HAL_Driver\Src\stm32h7xx_hal_pwr.c 0x00000000   Number         0  stm32h7xx_hal_pwr.o ABSOLUTE
    ..\Drivers\STM32H7xx_HAL_Driver\Src\stm32h7xx_hal_pwr_ex.c 0x00000000   Number         0  stm32h7xx_hal_pwr_ex.o ABSOLUTE
    ..\Drivers\STM32H7xx_HAL_Driver\Src\stm32h7xx_hal_rcc.c 0x00000000   Number         0  stm32h7xx_hal_rcc.o ABSOLUTE
    ..\Drivers\STM32H7xx_HAL_Driver\Src\stm32h7xx_hal_rcc_ex.c 0x00000000   Number         0  stm32h7xx_hal_rcc_ex.o ABSOLUTE
    ..\Drivers\STM32H7xx_HAL_Driver\Src\stm32h7xx_hal_spi.c 0x00000000   Number         0  stm32h7xx_hal_spi.o ABSOLUTE
    ..\Drivers\STM32H7xx_HAL_Driver\Src\stm32h7xx_hal_spi_ex.c 0x00000000   Number         0  stm32h7xx_hal_spi_ex.o ABSOLUTE
    ..\Drivers\STM32H7xx_HAL_Driver\Src\stm32h7xx_hal_tim.c 0x00000000   Number         0  stm32h7xx_hal_tim.o ABSOLUTE
    ..\Drivers\STM32H7xx_HAL_Driver\Src\stm32h7xx_hal_tim_ex.c 0x00000000   Number         0  stm32h7xx_hal_tim_ex.o ABSOLUTE
    ..\\Drivers\\BSP\\ST7735\\lcd.c          0x00000000   Number         0  lcd.o ABSOLUTE
    cdrcmple.s                               0x00000000   Number         0  cdrcmple.o ABSOLUTE
    dc.s                                     0x00000000   Number         0  dc.o ABSOLUTE
    handlers.s                               0x00000000   Number         0  handlers.o ABSOLUTE
    init.s                                   0x00000000   Number         0  init.o ABSOLUTE
    startup_stm32h750xx.s                    0x00000000   Number         0  startup_stm32h750xx.o ABSOLUTE
    RESET                                    0x08000000   Section      664  startup_stm32h750xx.o(RESET)
    .ARM.Collect$$$$00000000                 0x08000298   Section        0  entry.o(.ARM.Collect$$$$00000000)
    .ARM.Collect$$$$00000001                 0x08000298   Section        4  entry2.o(.ARM.Collect$$$$00000001)
    .ARM.Collect$$$$00000004                 0x0800029c   Section        4  entry5.o(.ARM.Collect$$$$00000004)
    .ARM.Collect$$$$00000008                 0x080002a0   Section        0  entry7b.o(.ARM.Collect$$$$00000008)
    .ARM.Collect$$$$0000000A                 0x080002a0   Section        0  entry8b.o(.ARM.Collect$$$$0000000A)
    .ARM.Collect$$$$0000000B                 0x080002a0   Section        8  entry9a.o(.ARM.Collect$$$$0000000B)
    .ARM.Collect$$$$0000000D                 0x080002a8   Section        0  entry10a.o(.ARM.Collect$$$$0000000D)
    .ARM.Collect$$$$0000000F                 0x080002a8   Section        0  entry11a.o(.ARM.Collect$$$$0000000F)
    .ARM.Collect$$$$00002712                 0x080002a8   Section        4  entry2.o(.ARM.Collect$$$$00002712)
    __lit__00000000                          0x080002a8   Data           4  entry2.o(.ARM.Collect$$$$00002712)
    .text                                    0x080002ac   Section       36  startup_stm32h750xx.o(.text)
    $v0                                      0x080002ac   Number         0  startup_stm32h750xx.o(.text)
    .text                                    0x080002d0   Section        0  memseta.o(.text)
    .text                                    0x080002f4   Section        0  uldiv.o(.text)
    .text                                    0x08000358   Section       36  init.o(.text)
    .text                                    0x0800037c   Section        0  llshl.o(.text)
    .text                                    0x0800039a   Section        0  llushr.o(.text)
    i.ADC_ConfigureBoostMode                 0x080003bc   Section        0  stm32h7xx_hal_adc.o(i.ADC_ConfigureBoostMode)
    i.ADC_ConversionStop                     0x080004c4   Section        0  stm32h7xx_hal_adc.o(i.ADC_ConversionStop)
    i.ADC_Disable                            0x080005a4   Section        0  stm32h7xx_hal_adc.o(i.ADC_Disable)
    i.ADC_Enable                             0x08000614   Section        0  stm32h7xx_hal_adc.o(i.ADC_Enable)
    i.BusFault_Handler                       0x080006c4   Section        0  stm32h7xx_it.o(i.BusFault_Handler)
    i.CPU_CACHE_Enable                       0x080006c8   Section        0  main.o(i.CPU_CACHE_Enable)
    CPU_CACHE_Enable                         0x080006c9   Thumb Code   128  main.o(i.CPU_CACHE_Enable)
    i.DebugMon_Handler                       0x08000750   Section        0  stm32h7xx_it.o(i.DebugMon_Handler)
    i.Error_Handler                          0x08000752   Section        0  main.o(i.Error_Handler)
    i.HAL_ADCEx_Calibration_Start            0x08000760   Section        0  stm32h7xx_hal_adc_ex.o(i.HAL_ADCEx_Calibration_Start)
    i.HAL_ADC_ConfigChannel                  0x080007fc   Section        0  stm32h7xx_hal_adc.o(i.HAL_ADC_ConfigChannel)
    i.HAL_ADC_GetValue                       0x08000bd8   Section        0  stm32h7xx_hal_adc.o(i.HAL_ADC_GetValue)
    i.HAL_ADC_Init                           0x08000be0   Section        0  stm32h7xx_hal_adc.o(i.HAL_ADC_Init)
    i.HAL_ADC_MspInit                        0x08000e00   Section        0  adc.o(i.HAL_ADC_MspInit)
    i.HAL_ADC_PollForConversion              0x08000e84   Section        0  stm32h7xx_hal_adc.o(i.HAL_ADC_PollForConversion)
    i.HAL_ADC_Start                          0x08000fa8   Section        0  stm32h7xx_hal_adc.o(i.HAL_ADC_Start)
    i.HAL_ADC_Stop                           0x080010ac   Section        0  stm32h7xx_hal_adc.o(i.HAL_ADC_Stop)
    i.HAL_Delay                              0x080010ec   Section        0  stm32h7xx_hal.o(i.HAL_Delay)
    i.HAL_GPIO_Init                          0x08001110   Section        0  stm32h7xx_hal_gpio.o(i.HAL_GPIO_Init)
    i.HAL_GPIO_ReadPin                       0x080012ec   Section        0  stm32h7xx_hal_gpio.o(i.HAL_GPIO_ReadPin)
    i.HAL_GPIO_WritePin                      0x080012f6   Section        0  stm32h7xx_hal_gpio.o(i.HAL_GPIO_WritePin)
    i.HAL_GetDEVID                           0x08001300   Section        0  stm32h7xx_hal.o(i.HAL_GetDEVID)
    i.HAL_GetREVID                           0x08001310   Section        0  stm32h7xx_hal.o(i.HAL_GetREVID)
    i.HAL_GetTick                            0x0800131c   Section        0  stm32h7xx_hal.o(i.HAL_GetTick)
    i.HAL_IncTick                            0x08001328   Section        0  stm32h7xx_hal.o(i.HAL_IncTick)
    i.HAL_Init                               0x08001338   Section        0  stm32h7xx_hal.o(i.HAL_Init)
    i.HAL_InitTick                           0x08001394   Section        0  stm32h7xx_hal.o(i.HAL_InitTick)
    i.HAL_MPU_ConfigRegion                   0x080013d4   Section        0  stm32h7xx_hal_cortex.o(i.HAL_MPU_ConfigRegion)
    i.HAL_MPU_Disable                        0x08001428   Section        0  stm32h7xx_hal_cortex.o(i.HAL_MPU_Disable)
    i.HAL_MPU_Enable                         0x08001444   Section        0  stm32h7xx_hal_cortex.o(i.HAL_MPU_Enable)
    i.HAL_MspInit                            0x08001468   Section        0  stm32h7xx_hal_msp.o(i.HAL_MspInit)
    i.HAL_NVIC_SetPriority                   0x080014a0   Section        0  stm32h7xx_hal_cortex.o(i.HAL_NVIC_SetPriority)
    i.HAL_NVIC_SetPriorityGrouping           0x080014e0   Section        0  stm32h7xx_hal_cortex.o(i.HAL_NVIC_SetPriorityGrouping)
    i.HAL_PWREx_ConfigSupply                 0x08001504   Section        0  stm32h7xx_hal_pwr_ex.o(i.HAL_PWREx_ConfigSupply)
    i.HAL_RCCEx_GetD3PCLK1Freq               0x08001554   Section        0  stm32h7xx_hal_rcc_ex.o(i.HAL_RCCEx_GetD3PCLK1Freq)
    i.HAL_RCCEx_GetPLL1ClockFreq             0x08001578   Section        0  stm32h7xx_hal_rcc_ex.o(i.HAL_RCCEx_GetPLL1ClockFreq)
    i.HAL_RCCEx_GetPLL2ClockFreq             0x080016d0   Section        0  stm32h7xx_hal_rcc_ex.o(i.HAL_RCCEx_GetPLL2ClockFreq)
    i.HAL_RCCEx_GetPLL3ClockFreq             0x0800180c   Section        0  stm32h7xx_hal_rcc_ex.o(i.HAL_RCCEx_GetPLL3ClockFreq)
    i.HAL_RCCEx_GetPeriphCLKFreq             0x08001948   Section        0  stm32h7xx_hal_rcc_ex.o(i.HAL_RCCEx_GetPeriphCLKFreq)
    i.HAL_RCCEx_PeriphCLKConfig              0x08001c24   Section        0  stm32h7xx_hal_rcc_ex.o(i.HAL_RCCEx_PeriphCLKConfig)
    i.HAL_RCC_ClockConfig                    0x080025cc   Section        0  stm32h7xx_hal_rcc.o(i.HAL_RCC_ClockConfig)
    i.HAL_RCC_GetHCLKFreq                    0x0800283c   Section        0  stm32h7xx_hal_rcc.o(i.HAL_RCC_GetHCLKFreq)
    i.HAL_RCC_GetPCLK1Freq                   0x08002880   Section        0  stm32h7xx_hal_rcc.o(i.HAL_RCC_GetPCLK1Freq)
    i.HAL_RCC_GetSysClockFreq                0x080028a4   Section        0  stm32h7xx_hal_rcc.o(i.HAL_RCC_GetSysClockFreq)
    i.HAL_RCC_OscConfig                      0x080029d4   Section        0  stm32h7xx_hal_rcc.o(i.HAL_RCC_OscConfig)
    i.HAL_SPI_Init                           0x08002f44   Section        0  stm32h7xx_hal_spi.o(i.HAL_SPI_Init)
    i.HAL_SPI_MspInit                        0x080030b4   Section        0  spi.o(i.HAL_SPI_MspInit)
    i.HAL_SPI_Receive                        0x0800313c   Section        0  stm32h7xx_hal_spi.o(i.HAL_SPI_Receive)
    i.HAL_SPI_Transmit                       0x080032fa   Section        0  stm32h7xx_hal_spi.o(i.HAL_SPI_Transmit)
    i.HAL_SYSCFG_AnalogSwitchConfig          0x08003534   Section        0  stm32h7xx_hal.o(i.HAL_SYSCFG_AnalogSwitchConfig)
    i.HAL_SYSCFG_DisableVREFBUF              0x08003544   Section        0  stm32h7xx_hal.o(i.HAL_SYSCFG_DisableVREFBUF)
    i.HAL_SYSCFG_VREFBUF_HighImpedanceConfig 0x08003554   Section        0  stm32h7xx_hal.o(i.HAL_SYSCFG_VREFBUF_HighImpedanceConfig)
    i.HAL_SYSTICK_Config                     0x08003568   Section        0  stm32h7xx_hal_cortex.o(i.HAL_SYSTICK_Config)
    i.HAL_TIMEx_ConfigBreakDeadTime          0x08003590   Section        0  stm32h7xx_hal_tim_ex.o(i.HAL_TIMEx_ConfigBreakDeadTime)
    i.HAL_TIMEx_MasterConfigSynchronization  0x0800361c   Section        0  stm32h7xx_hal_tim_ex.o(i.HAL_TIMEx_MasterConfigSynchronization)
    i.HAL_TIMEx_PWMN_Start                   0x080036c0   Section        0  stm32h7xx_hal_tim_ex.o(i.HAL_TIMEx_PWMN_Start)
    i.HAL_TIM_MspPostInit                    0x08003790   Section        0  tim.o(i.HAL_TIM_MspPostInit)
    i.HAL_TIM_PWM_ConfigChannel              0x080037e4   Section        0  stm32h7xx_hal_tim.o(i.HAL_TIM_PWM_ConfigChannel)
    i.HAL_TIM_PWM_Init                       0x08003908   Section        0  stm32h7xx_hal_tim.o(i.HAL_TIM_PWM_Init)
    i.HAL_TIM_PWM_MspInit                    0x0800396c   Section        0  tim.o(i.HAL_TIM_PWM_MspInit)
    i.HardFault_Handler                      0x08003994   Section        0  stm32h7xx_it.o(i.HardFault_Handler)
    i.LCD_GetBrightness                      0x08003998   Section        0  lcd.o(i.LCD_GetBrightness)
    i.LCD_Light                              0x080039a4   Section        0  lcd.o(i.LCD_Light)
    i.LCD_ShowChar                           0x08003a30   Section        0  lcd.o(i.LCD_ShowChar)
    i.LCD_ShowString                         0x08003be4   Section        0  lcd.o(i.LCD_ShowString)
    i.LCD_Test                               0x08003c38   Section        0  lcd.o(i.LCD_Test)
    i.LED_Blink                              0x08003e00   Section        0  main.o(i.LED_Blink)
    i.LL_ADC_INJ_IsConversionOngoing         0x08003e30   Section        0  stm32h7xx_hal_adc.o(i.LL_ADC_INJ_IsConversionOngoing)
    LL_ADC_INJ_IsConversionOngoing           0x08003e31   Thumb Code     8  stm32h7xx_hal_adc.o(i.LL_ADC_INJ_IsConversionOngoing)
    i.LL_ADC_IsEnabled                       0x08003e38   Section        0  stm32h7xx_hal_adc.o(i.LL_ADC_IsEnabled)
    LL_ADC_IsEnabled                         0x08003e39   Thumb Code     8  stm32h7xx_hal_adc.o(i.LL_ADC_IsEnabled)
    i.LL_ADC_REG_IsConversionOngoing         0x08003e40   Section        0  stm32h7xx_hal_adc.o(i.LL_ADC_REG_IsConversionOngoing)
    LL_ADC_REG_IsConversionOngoing           0x08003e41   Thumb Code     8  stm32h7xx_hal_adc.o(i.LL_ADC_REG_IsConversionOngoing)
    i.LL_ADC_REG_IsTriggerSourceSWStart      0x08003e48   Section        0  stm32h7xx_hal_adc.o(i.LL_ADC_REG_IsTriggerSourceSWStart)
    LL_ADC_REG_IsTriggerSourceSWStart        0x08003e49   Thumb Code    16  stm32h7xx_hal_adc.o(i.LL_ADC_REG_IsTriggerSourceSWStart)
    i.LL_ADC_SetChannelSamplingTime          0x08003e58   Section        0  stm32h7xx_hal_adc.o(i.LL_ADC_SetChannelSamplingTime)
    LL_ADC_SetChannelSamplingTime            0x08003e59   Thumb Code    30  stm32h7xx_hal_adc.o(i.LL_ADC_SetChannelSamplingTime)
    i.MPU_Config                             0x08003e76   Section        0  main.o(i.MPU_Config)
    MPU_Config                               0x08003e77   Thumb Code   118  main.o(i.MPU_Config)
    i.MX_ADC3_Init                           0x08003eec   Section        0  adc.o(i.MX_ADC3_Init)
    i.MX_GPIO_Init                           0x08003fb0   Section        0  gpio.o(i.MX_GPIO_Init)
    i.MX_SPI4_Init                           0x08004064   Section        0  spi.o(i.MX_SPI4_Init)
    i.MX_TIM1_Init                           0x080040c4   Section        0  tim.o(i.MX_TIM1_Init)
    i.MemManage_Handler                      0x08004174   Section        0  stm32h7xx_it.o(i.MemManage_Handler)
    i.NMI_Handler                            0x08004176   Section        0  stm32h7xx_it.o(i.NMI_Handler)
    i.PendSV_Handler                         0x08004178   Section        0  stm32h7xx_it.o(i.PendSV_Handler)
    i.RCCEx_PLL2_Config                      0x0800417c   Section        0  stm32h7xx_hal_rcc_ex.o(i.RCCEx_PLL2_Config)
    RCCEx_PLL2_Config                        0x0800417d   Thumb Code   270  stm32h7xx_hal_rcc_ex.o(i.RCCEx_PLL2_Config)
    i.RCCEx_PLL3_Config                      0x08004290   Section        0  stm32h7xx_hal_rcc_ex.o(i.RCCEx_PLL3_Config)
    RCCEx_PLL3_Config                        0x08004291   Thumb Code   270  stm32h7xx_hal_rcc_ex.o(i.RCCEx_PLL3_Config)
    i.SPI_CloseTransfer                      0x080043a4   Section        0  stm32h7xx_hal_spi.o(i.SPI_CloseTransfer)
    SPI_CloseTransfer                        0x080043a5   Thumb Code   188  stm32h7xx_hal_spi.o(i.SPI_CloseTransfer)
    i.SPI_WaitOnFlagUntilTimeout             0x08004460   Section        0  stm32h7xx_hal_spi.o(i.SPI_WaitOnFlagUntilTimeout)
    SPI_WaitOnFlagUntilTimeout               0x08004461   Thumb Code    68  stm32h7xx_hal_spi.o(i.SPI_WaitOnFlagUntilTimeout)
    i.ST7735_DeInit                          0x080044a4   Section        0  st7735.o(i.ST7735_DeInit)
    i.ST7735_DisplayOff                      0x080044a8   Section        0  st7735.o(i.ST7735_DisplayOff)
    i.ST7735_DisplayOn                       0x0800452c   Section        0  st7735.o(i.ST7735_DisplayOn)
    i.ST7735_DrawBitmap                      0x080045b0   Section        0  st7735.o(i.ST7735_DrawBitmap)
    i.ST7735_DrawHLine                       0x080046ec   Section        0  st7735.o(i.ST7735_DrawHLine)
    i.ST7735_DrawVLine                       0x08004748   Section        0  st7735.o(i.ST7735_DrawVLine)
    i.ST7735_FillRGBRect                     0x08004790   Section        0  st7735.o(i.ST7735_FillRGBRect)
    i.ST7735_FillRect                        0x08004814   Section        0  st7735.o(i.ST7735_FillRect)
    i.ST7735_GetBrightness                   0x0800484e   Section        0  st7735.o(i.ST7735_GetBrightness)
    i.ST7735_GetOrientation                  0x08004854   Section        0  st7735.o(i.ST7735_GetOrientation)
    i.ST7735_GetPixel                        0x08004864   Section        0  st7735.o(i.ST7735_GetPixel)
    i.ST7735_GetXSize                        0x080048bc   Section        0  st7735.o(i.ST7735_GetXSize)
    i.ST7735_GetYSize                        0x080048cc   Section        0  st7735.o(i.ST7735_GetYSize)
    i.ST7735_IO_Delay                        0x080048dc   Section        0  st7735.o(i.ST7735_IO_Delay)
    ST7735_IO_Delay                          0x080048dd   Thumb Code    26  st7735.o(i.ST7735_IO_Delay)
    i.ST7735_Init                            0x080048f6   Section        0  st7735.o(i.ST7735_Init)
    i.ST7735_ReadID                          0x08004da8   Section        0  st7735.o(i.ST7735_ReadID)
    i.ST7735_ReadRegWrap                     0x08004df4   Section        0  st7735.o(i.ST7735_ReadRegWrap)
    ST7735_ReadRegWrap                       0x08004df5   Thumb Code    14  st7735.o(i.ST7735_ReadRegWrap)
    i.ST7735_RecvDataWrap                    0x08004e02   Section        0  st7735.o(i.ST7735_RecvDataWrap)
    ST7735_RecvDataWrap                      0x08004e03   Thumb Code    14  st7735.o(i.ST7735_RecvDataWrap)
    i.ST7735_RegisterBusIO                   0x08004e10   Section        0  st7735.o(i.ST7735_RegisterBusIO)
    i.ST7735_SendDataWrap                    0x08004e64   Section        0  st7735.o(i.ST7735_SendDataWrap)
    ST7735_SendDataWrap                      0x08004e65   Thumb Code    14  st7735.o(i.ST7735_SendDataWrap)
    i.ST7735_SetBrightness                   0x08004e72   Section        0  st7735.o(i.ST7735_SetBrightness)
    i.ST7735_SetCursor                       0x08004e78   Section        0  st7735.o(i.ST7735_SetCursor)
    i.ST7735_SetDisplayWindow                0x08004f44   Section        0  st7735.o(i.ST7735_SetDisplayWindow)
    ST7735_SetDisplayWindow                  0x08004f45   Thumb Code   274  st7735.o(i.ST7735_SetDisplayWindow)
    i.ST7735_SetOrientation                  0x0800505c   Section        0  st7735.o(i.ST7735_SetOrientation)
    i.ST7735_SetPixel                        0x080050fc   Section        0  st7735.o(i.ST7735_SetPixel)
    i.ST7735_WriteRegWrap                    0x08005144   Section        0  st7735.o(i.ST7735_WriteRegWrap)
    ST7735_WriteRegWrap                      0x08005145   Thumb Code    20  st7735.o(i.ST7735_WriteRegWrap)
    i.SVC_Handler                            0x08005158   Section        0  stm32h7xx_it.o(i.SVC_Handler)
    i.SysTick_Handler                        0x0800515a   Section        0  stm32h7xx_it.o(i.SysTick_Handler)
    i.SystemClock_Config                     0x08005160   Section        0  main.o(i.SystemClock_Config)
    i.SystemInit                             0x08005248   Section        0  system_stm32h7xx.o(i.SystemInit)
    i.TIM_Base_SetConfig                     0x080052e0   Section        0  stm32h7xx_hal_tim.o(i.TIM_Base_SetConfig)
    i.TIM_CCxNChannelCmd                     0x080053a0   Section        0  stm32h7xx_hal_tim_ex.o(i.TIM_CCxNChannelCmd)
    TIM_CCxNChannelCmd                       0x080053a1   Thumb Code    26  stm32h7xx_hal_tim_ex.o(i.TIM_CCxNChannelCmd)
    i.TIM_OC1_SetConfig                      0x080053bc   Section        0  stm32h7xx_hal_tim.o(i.TIM_OC1_SetConfig)
    TIM_OC1_SetConfig                        0x080053bd   Thumb Code   132  stm32h7xx_hal_tim.o(i.TIM_OC1_SetConfig)
    i.TIM_OC2_SetConfig                      0x08005458   Section        0  stm32h7xx_hal_tim.o(i.TIM_OC2_SetConfig)
    i.TIM_OC3_SetConfig                      0x080054e8   Section        0  stm32h7xx_hal_tim.o(i.TIM_OC3_SetConfig)
    TIM_OC3_SetConfig                        0x080054e9   Thumb Code   118  stm32h7xx_hal_tim.o(i.TIM_OC3_SetConfig)
    i.TIM_OC4_SetConfig                      0x08005578   Section        0  stm32h7xx_hal_tim.o(i.TIM_OC4_SetConfig)
    TIM_OC4_SetConfig                        0x08005579   Thumb Code    92  stm32h7xx_hal_tim.o(i.TIM_OC4_SetConfig)
    i.TIM_OC5_SetConfig                      0x080055ec   Section        0  stm32h7xx_hal_tim.o(i.TIM_OC5_SetConfig)
    TIM_OC5_SetConfig                        0x080055ed   Thumb Code    86  stm32h7xx_hal_tim.o(i.TIM_OC5_SetConfig)
    i.TIM_OC6_SetConfig                      0x0800565c   Section        0  stm32h7xx_hal_tim.o(i.TIM_OC6_SetConfig)
    TIM_OC6_SetConfig                        0x0800565d   Thumb Code    88  stm32h7xx_hal_tim.o(i.TIM_OC6_SetConfig)
    i.UsageFault_Handler                     0x080056cc   Section        0  stm32h7xx_it.o(i.UsageFault_Handler)
    i.__0sprintf$8                           0x080056d0   Section        0  printf8.o(i.__0sprintf$8)
    i.__NVIC_SetPriority                     0x080056f8   Section        0  stm32h7xx_hal_cortex.o(i.__NVIC_SetPriority)
    __NVIC_SetPriority                       0x080056f9   Thumb Code    32  stm32h7xx_hal_cortex.o(i.__NVIC_SetPriority)
    i.__scatterload_copy                     0x08005718   Section       14  handlers.o(i.__scatterload_copy)
    i.__scatterload_null                     0x08005726   Section        2  handlers.o(i.__scatterload_null)
    i.__scatterload_zeroinit                 0x08005728   Section       14  handlers.o(i.__scatterload_zeroinit)
    i._printf_core                           0x08005738   Section        0  printf8.o(i._printf_core)
    _printf_core                             0x08005739   Thumb Code   996  printf8.o(i._printf_core)
    i._printf_post_padding                   0x08005b48   Section        0  printf8.o(i._printf_post_padding)
    _printf_post_padding                     0x08005b49   Thumb Code    36  printf8.o(i._printf_post_padding)
    i._printf_pre_padding                    0x08005b6c   Section        0  printf8.o(i._printf_pre_padding)
    _printf_pre_padding                      0x08005b6d   Thumb Code    46  printf8.o(i._printf_pre_padding)
    i._sputc                                 0x08005b9a   Section        0  printf8.o(i._sputc)
    _sputc                                   0x08005b9b   Thumb Code    10  printf8.o(i._sputc)
    i.free                                   0x08005ba4   Section        0  malloc.o(i.free)
    i.lcd_gettick                            0x08005bf4   Section        0  lcd.o(i.lcd_gettick)
    lcd_gettick                              0x08005bf5   Thumb Code     4  lcd.o(i.lcd_gettick)
    i.lcd_init                               0x08005bf8   Section        0  lcd.o(i.lcd_init)
    lcd_init                                 0x08005bf9   Thumb Code    16  lcd.o(i.lcd_init)
    i.lcd_readreg                            0x08005c0c   Section        0  lcd.o(i.lcd_readreg)
    lcd_readreg                              0x08005c0d   Thumb Code   100  lcd.o(i.lcd_readreg)
    i.lcd_recvdata                           0x08005c78   Section        0  lcd.o(i.lcd_recvdata)
    lcd_recvdata                             0x08005c79   Thumb Code    66  lcd.o(i.lcd_recvdata)
    i.lcd_senddata                           0x08005cc4   Section        0  lcd.o(i.lcd_senddata)
    lcd_senddata                             0x08005cc5   Thumb Code    64  lcd.o(i.lcd_senddata)
    i.lcd_writereg                           0x08005d0c   Section        0  lcd.o(i.lcd_writereg)
    lcd_writereg                             0x08005d0d   Thumb Code   106  lcd.o(i.lcd_writereg)
    i.main                                   0x08005d80   Section        0  main.o(i.main)
    i.malloc                                 0x08005f0c   Section        0  malloc.o(i.malloc)
    i.st7735_read_reg                        0x08005f78   Section        0  st7735_reg.o(i.st7735_read_reg)
    i.st7735_recv_data                       0x08005f86   Section        0  st7735_reg.o(i.st7735_recv_data)
    i.st7735_send_data                       0x08005f94   Section        0  st7735_reg.o(i.st7735_send_data)
    i.st7735_write_reg                       0x08005fa2   Section        0  st7735_reg.o(i.st7735_write_reg)
    .constdata                               0x08005fb0   Section       16  system_stm32h7xx.o(.constdata)
    .constdata                               0x08005fc0   Section     2660  lcd.o(.constdata)
    .constdata                               0x08006a24   Section    43075  logo_128_160.o(.constdata)
    .data                                    0x24000000   Section       24  main.o(.data)
    .data                                    0x24000018   Section       12  stm32h7xx_hal.o(.data)
    .data                                    0x24000024   Section        8  system_stm32h7xx.o(.data)
    .data                                    0x2400002c   Section       76  st7735.o(.data)
    .data                                    0x24000078   Section       32  st7735.o(.data)
    OrientationTab                           0x24000078   Data          32  st7735.o(.data)
    .data                                    0x24000098   Section       40  lcd.o(.data)
    .data                                    0x240000c0   Section        4  mvars.o(.data)
    .data                                    0x240000c4   Section        4  mvars.o(.data)
    .bss                                     0x240000c8   Section       16  main.o(.bss)
    .bss                                     0x240000d8   Section      100  adc.o(.bss)
    .bss                                     0x2400013c   Section      136  spi.o(.bss)
    .bss                                     0x240001c4   Section       76  tim.o(.bss)
    .bss                                     0x24000210   Section     1296  st7735.o(.bss)
    pdata                                    0x24000210   Data         640  st7735.o(.bss)
    pdata                                    0x24000490   Data         640  st7735.o(.bss)
    .bss                                     0x24000720   Section       56  lcd.o(.bss)
    HEAP                                     0x24000758   Section      512  startup_stm32h750xx.o(HEAP)
    STACK                                    0x24000958   Section     1024  startup_stm32h750xx.o(STACK)

    Global Symbols

    Symbol Name                              Value     Ov Type        Size  Object(Section)

    BuildAttributes$$THM_ISAv4$E$P$D$K$B$S$7EM$VFPv5_D16$PE$PLD8$A:L22UL41UL21$X:L11$S22US41US21$IEEE1$IW$USESV6$~STKCKD$USESV7$~SHL$OSPACE$ROPI$EBA8$MICROLIB$REQ8$PRES8$EABIv2 0x00000000   Number         0  anon$$obj.o ABSOLUTE
    __ARM_use_no_argv                        0x00000000   Number         0  main.o ABSOLUTE
    _printf_a                                0x00000000   Number         0  stubs.o ABSOLUTE
    _printf_c                                0x00000000   Number         0  stubs.o ABSOLUTE
    _printf_charcount                        0x00000000   Number         0  stubs.o ABSOLUTE
    _printf_d                                0x00000000   Number         0  stubs.o ABSOLUTE
    _printf_e                                0x00000000   Number         0  stubs.o ABSOLUTE
    _printf_f                                0x00000000   Number         0  stubs.o ABSOLUTE
    _printf_flags                            0x00000000   Number         0  stubs.o ABSOLUTE
    _printf_fp_dec                           0x00000000   Number         0  stubs.o ABSOLUTE
    _printf_fp_hex                           0x00000000   Number         0  stubs.o ABSOLUTE
    _printf_g                                0x00000000   Number         0  stubs.o ABSOLUTE
    _printf_i                                0x00000000   Number         0  stubs.o ABSOLUTE
    _printf_int_dec                          0x00000000   Number         0  stubs.o ABSOLUTE
    _printf_l                                0x00000000   Number         0  stubs.o ABSOLUTE
    _printf_lc                               0x00000000   Number         0  stubs.o ABSOLUTE
    _printf_ll                               0x00000000   Number         0  stubs.o ABSOLUTE
    _printf_lld                              0x00000000   Number         0  stubs.o ABSOLUTE
    _printf_lli                              0x00000000   Number         0  stubs.o ABSOLUTE
    _printf_llo                              0x00000000   Number         0  stubs.o ABSOLUTE
    _printf_llu                              0x00000000   Number         0  stubs.o ABSOLUTE
    _printf_llx                              0x00000000   Number         0  stubs.o ABSOLUTE
    _printf_longlong_dec                     0x00000000   Number         0  stubs.o ABSOLUTE
    _printf_longlong_hex                     0x00000000   Number         0  stubs.o ABSOLUTE
    _printf_longlong_oct                     0x00000000   Number         0  stubs.o ABSOLUTE
    _printf_ls                               0x00000000   Number         0  stubs.o ABSOLUTE
    _printf_mbtowc                           0x00000000   Number         0  stubs.o ABSOLUTE
    _printf_n                                0x00000000   Number         0  stubs.o ABSOLUTE
    _printf_o                                0x00000000   Number         0  stubs.o ABSOLUTE
    _printf_p                                0x00000000   Number         0  stubs.o ABSOLUTE
    _printf_percent                          0x00000000   Number         0  stubs.o ABSOLUTE
    _printf_pre_padding                      0x00000000   Number         0  stubs.o ABSOLUTE
    _printf_return_value                     0x00000000   Number         0  stubs.o ABSOLUTE
    _printf_s                                0x00000000   Number         0  stubs.o ABSOLUTE
    _printf_sizespec                         0x00000000   Number         0  stubs.o ABSOLUTE
    _printf_str                              0x00000000   Number         0  stubs.o ABSOLUTE
    _printf_truncate_signed                  0x00000000   Number         0  stubs.o ABSOLUTE
    _printf_truncate_unsigned                0x00000000   Number         0  stubs.o ABSOLUTE
    _printf_u                                0x00000000   Number         0  stubs.o ABSOLUTE
    _printf_wc                               0x00000000   Number         0  stubs.o ABSOLUTE
    _printf_wctomb                           0x00000000   Number         0  stubs.o ABSOLUTE
    _printf_widthprec                        0x00000000   Number         0  stubs.o ABSOLUTE
    _printf_x                                0x00000000   Number         0  stubs.o ABSOLUTE
    __cpp_initialize__aeabi_                  - Undefined Weak Reference
    __cxa_finalize                            - Undefined Weak Reference
    __decompress                              - Undefined Weak Reference
    _clock_init                               - Undefined Weak Reference
    _microlib_exit                            - Undefined Weak Reference
    __Vectors_Size                           0x00000298   Number         0  startup_stm32h750xx.o ABSOLUTE
    __Vectors                                0x08000000   Data           4  startup_stm32h750xx.o(RESET)
    __Vectors_End                            0x08000298   Data           0  startup_stm32h750xx.o(RESET)
    __main                                   0x08000299   Thumb Code     0  entry.o(.ARM.Collect$$$$00000000)
    _main_stk                                0x08000299   Thumb Code     0  entry2.o(.ARM.Collect$$$$00000001)
    _main_scatterload                        0x0800029d   Thumb Code     0  entry5.o(.ARM.Collect$$$$00000004)
    __main_after_scatterload                 0x080002a1   Thumb Code     0  entry5.o(.ARM.Collect$$$$00000004)
    _main_clock                              0x080002a1   Thumb Code     0  entry7b.o(.ARM.Collect$$$$00000008)
    _main_cpp_init                           0x080002a1   Thumb Code     0  entry8b.o(.ARM.Collect$$$$0000000A)
    _main_init                               0x080002a1   Thumb Code     0  entry9a.o(.ARM.Collect$$$$0000000B)
    __rt_final_cpp                           0x080002a9   Thumb Code     0  entry10a.o(.ARM.Collect$$$$0000000D)
    __rt_final_exit                          0x080002a9   Thumb Code     0  entry11a.o(.ARM.Collect$$$$0000000F)
    Reset_Handler                            0x080002ad   Thumb Code     8  startup_stm32h750xx.o(.text)
    ADC3_IRQHandler                          0x080002c7   Thumb Code     0  startup_stm32h750xx.o(.text)
    ADC_IRQHandler                           0x080002c7   Thumb Code     0  startup_stm32h750xx.o(.text)
    BDMA_Channel0_IRQHandler                 0x080002c7   Thumb Code     0  startup_stm32h750xx.o(.text)
    BDMA_Channel1_IRQHandler                 0x080002c7   Thumb Code     0  startup_stm32h750xx.o(.text)
    BDMA_Channel2_IRQHandler                 0x080002c7   Thumb Code     0  startup_stm32h750xx.o(.text)
    BDMA_Channel3_IRQHandler                 0x080002c7   Thumb Code     0  startup_stm32h750xx.o(.text)
    BDMA_Channel4_IRQHandler                 0x080002c7   Thumb Code     0  startup_stm32h750xx.o(.text)
    BDMA_Channel5_IRQHandler                 0x080002c7   Thumb Code     0  startup_stm32h750xx.o(.text)
    BDMA_Channel6_IRQHandler                 0x080002c7   Thumb Code     0  startup_stm32h750xx.o(.text)
    BDMA_Channel7_IRQHandler                 0x080002c7   Thumb Code     0  startup_stm32h750xx.o(.text)
    CEC_IRQHandler                           0x080002c7   Thumb Code     0  startup_stm32h750xx.o(.text)
    COMP1_IRQHandler                         0x080002c7   Thumb Code     0  startup_stm32h750xx.o(.text)
    CRS_IRQHandler                           0x080002c7   Thumb Code     0  startup_stm32h750xx.o(.text)
    CRYP_IRQHandler                          0x080002c7   Thumb Code     0  startup_stm32h750xx.o(.text)
    DCMI_IRQHandler                          0x080002c7   Thumb Code     0  startup_stm32h750xx.o(.text)
    DFSDM1_FLT0_IRQHandler                   0x080002c7   Thumb Code     0  startup_stm32h750xx.o(.text)
    DFSDM1_FLT1_IRQHandler                   0x080002c7   Thumb Code     0  startup_stm32h750xx.o(.text)
    DFSDM1_FLT2_IRQHandler                   0x080002c7   Thumb Code     0  startup_stm32h750xx.o(.text)
    DFSDM1_FLT3_IRQHandler                   0x080002c7   Thumb Code     0  startup_stm32h750xx.o(.text)
    DMA1_Stream0_IRQHandler                  0x080002c7   Thumb Code     0  startup_stm32h750xx.o(.text)
    DMA1_Stream1_IRQHandler                  0x080002c7   Thumb Code     0  startup_stm32h750xx.o(.text)
    DMA1_Stream2_IRQHandler                  0x080002c7   Thumb Code     0  startup_stm32h750xx.o(.text)
    DMA1_Stream3_IRQHandler                  0x080002c7   Thumb Code     0  startup_stm32h750xx.o(.text)
    DMA1_Stream4_IRQHandler                  0x080002c7   Thumb Code     0  startup_stm32h750xx.o(.text)
    DMA1_Stream5_IRQHandler                  0x080002c7   Thumb Code     0  startup_stm32h750xx.o(.text)
    DMA1_Stream6_IRQHandler                  0x080002c7   Thumb Code     0  startup_stm32h750xx.o(.text)
    DMA1_Stream7_IRQHandler                  0x080002c7   Thumb Code     0  startup_stm32h750xx.o(.text)
    DMA2D_IRQHandler                         0x080002c7   Thumb Code     0  startup_stm32h750xx.o(.text)
    DMA2_Stream0_IRQHandler                  0x080002c7   Thumb Code     0  startup_stm32h750xx.o(.text)
    DMA2_Stream1_IRQHandler                  0x080002c7   Thumb Code     0  startup_stm32h750xx.o(.text)
    DMA2_Stream2_IRQHandler                  0x080002c7   Thumb Code     0  startup_stm32h750xx.o(.text)
    DMA2_Stream3_IRQHandler                  0x080002c7   Thumb Code     0  startup_stm32h750xx.o(.text)
    DMA2_Stream4_IRQHandler                  0x080002c7   Thumb Code     0  startup_stm32h750xx.o(.text)
    DMA2_Stream5_IRQHandler                  0x080002c7   Thumb Code     0  startup_stm32h750xx.o(.text)
    DMA2_Stream6_IRQHandler                  0x080002c7   Thumb Code     0  startup_stm32h750xx.o(.text)
    DMA2_Stream7_IRQHandler                  0x080002c7   Thumb Code     0  startup_stm32h750xx.o(.text)
    DMAMUX1_OVR_IRQHandler                   0x080002c7   Thumb Code     0  startup_stm32h750xx.o(.text)
    DMAMUX2_OVR_IRQHandler                   0x080002c7   Thumb Code     0  startup_stm32h750xx.o(.text)
    ECC_IRQHandler                           0x080002c7   Thumb Code     0  startup_stm32h750xx.o(.text)
    ETH_IRQHandler                           0x080002c7   Thumb Code     0  startup_stm32h750xx.o(.text)
    ETH_WKUP_IRQHandler                      0x080002c7   Thumb Code     0  startup_stm32h750xx.o(.text)
    EXTI0_IRQHandler                         0x080002c7   Thumb Code     0  startup_stm32h750xx.o(.text)
    EXTI15_10_IRQHandler                     0x080002c7   Thumb Code     0  startup_stm32h750xx.o(.text)
    EXTI1_IRQHandler                         0x080002c7   Thumb Code     0  startup_stm32h750xx.o(.text)
    EXTI2_IRQHandler                         0x080002c7   Thumb Code     0  startup_stm32h750xx.o(.text)
    EXTI3_IRQHandler                         0x080002c7   Thumb Code     0  startup_stm32h750xx.o(.text)
    EXTI4_IRQHandler                         0x080002c7   Thumb Code     0  startup_stm32h750xx.o(.text)
    EXTI9_5_IRQHandler                       0x080002c7   Thumb Code     0  startup_stm32h750xx.o(.text)
    FDCAN1_IT0_IRQHandler                    0x080002c7   Thumb Code     0  startup_stm32h750xx.o(.text)
    FDCAN1_IT1_IRQHandler                    0x080002c7   Thumb Code     0  startup_stm32h750xx.o(.text)
    FDCAN2_IT0_IRQHandler                    0x080002c7   Thumb Code     0  startup_stm32h750xx.o(.text)
    FDCAN2_IT1_IRQHandler                    0x080002c7   Thumb Code     0  startup_stm32h750xx.o(.text)
    FDCAN_CAL_IRQHandler                     0x080002c7   Thumb Code     0  startup_stm32h750xx.o(.text)
    FLASH_IRQHandler                         0x080002c7   Thumb Code     0  startup_stm32h750xx.o(.text)
    FMC_IRQHandler                           0x080002c7   Thumb Code     0  startup_stm32h750xx.o(.text)
    FPU_IRQHandler                           0x080002c7   Thumb Code     0  startup_stm32h750xx.o(.text)
    HASH_RNG_IRQHandler                      0x080002c7   Thumb Code     0  startup_stm32h750xx.o(.text)
    HRTIM1_FLT_IRQHandler                    0x080002c7   Thumb Code     0  startup_stm32h750xx.o(.text)
    HRTIM1_Master_IRQHandler                 0x080002c7   Thumb Code     0  startup_stm32h750xx.o(.text)
    HRTIM1_TIMA_IRQHandler                   0x080002c7   Thumb Code     0  startup_stm32h750xx.o(.text)
    HRTIM1_TIMB_IRQHandler                   0x080002c7   Thumb Code     0  startup_stm32h750xx.o(.text)
    HRTIM1_TIMC_IRQHandler                   0x080002c7   Thumb Code     0  startup_stm32h750xx.o(.text)
    HRTIM1_TIMD_IRQHandler                   0x080002c7   Thumb Code     0  startup_stm32h750xx.o(.text)
    HRTIM1_TIME_IRQHandler                   0x080002c7   Thumb Code     0  startup_stm32h750xx.o(.text)
    HSEM1_IRQHandler                         0x080002c7   Thumb Code     0  startup_stm32h750xx.o(.text)
    I2C1_ER_IRQHandler                       0x080002c7   Thumb Code     0  startup_stm32h750xx.o(.text)
    I2C1_EV_IRQHandler                       0x080002c7   Thumb Code     0  startup_stm32h750xx.o(.text)
    I2C2_ER_IRQHandler                       0x080002c7   Thumb Code     0  startup_stm32h750xx.o(.text)
    I2C2_EV_IRQHandler                       0x080002c7   Thumb Code     0  startup_stm32h750xx.o(.text)
    I2C3_ER_IRQHandler                       0x080002c7   Thumb Code     0  startup_stm32h750xx.o(.text)
    I2C3_EV_IRQHandler                       0x080002c7   Thumb Code     0  startup_stm32h750xx.o(.text)
    I2C4_ER_IRQHandler                       0x080002c7   Thumb Code     0  startup_stm32h750xx.o(.text)
    I2C4_EV_IRQHandler                       0x080002c7   Thumb Code     0  startup_stm32h750xx.o(.text)
    JPEG_IRQHandler                          0x080002c7   Thumb Code     0  startup_stm32h750xx.o(.text)
    LPTIM1_IRQHandler                        0x080002c7   Thumb Code     0  startup_stm32h750xx.o(.text)
    LPTIM2_IRQHandler                        0x080002c7   Thumb Code     0  startup_stm32h750xx.o(.text)
    LPTIM3_IRQHandler                        0x080002c7   Thumb Code     0  startup_stm32h750xx.o(.text)
    LPTIM4_IRQHandler                        0x080002c7   Thumb Code     0  startup_stm32h750xx.o(.text)
    LPTIM5_IRQHandler                        0x080002c7   Thumb Code     0  startup_stm32h750xx.o(.text)
    LPUART1_IRQHandler                       0x080002c7   Thumb Code     0  startup_stm32h750xx.o(.text)
    LTDC_ER_IRQHandler                       0x080002c7   Thumb Code     0  startup_stm32h750xx.o(.text)
    LTDC_IRQHandler                          0x080002c7   Thumb Code     0  startup_stm32h750xx.o(.text)
    MDIOS_IRQHandler                         0x080002c7   Thumb Code     0  startup_stm32h750xx.o(.text)
    MDIOS_WKUP_IRQHandler                    0x080002c7   Thumb Code     0  startup_stm32h750xx.o(.text)
    MDMA_IRQHandler                          0x080002c7   Thumb Code     0  startup_stm32h750xx.o(.text)
    OTG_FS_EP1_IN_IRQHandler                 0x080002c7   Thumb Code     0  startup_stm32h750xx.o(.text)
    OTG_FS_EP1_OUT_IRQHandler                0x080002c7   Thumb Code     0  startup_stm32h750xx.o(.text)
    OTG_FS_IRQHandler                        0x080002c7   Thumb Code     0  startup_stm32h750xx.o(.text)
    OTG_FS_WKUP_IRQHandler                   0x080002c7   Thumb Code     0  startup_stm32h750xx.o(.text)
    OTG_HS_EP1_IN_IRQHandler                 0x080002c7   Thumb Code     0  startup_stm32h750xx.o(.text)
    OTG_HS_EP1_OUT_IRQHandler                0x080002c7   Thumb Code     0  startup_stm32h750xx.o(.text)
    OTG_HS_IRQHandler                        0x080002c7   Thumb Code     0  startup_stm32h750xx.o(.text)
    OTG_HS_WKUP_IRQHandler                   0x080002c7   Thumb Code     0  startup_stm32h750xx.o(.text)
    PVD_AVD_IRQHandler                       0x080002c7   Thumb Code     0  startup_stm32h750xx.o(.text)
    QUADSPI_IRQHandler                       0x080002c7   Thumb Code     0  startup_stm32h750xx.o(.text)
    RCC_IRQHandler                           0x080002c7   Thumb Code     0  startup_stm32h750xx.o(.text)
    RTC_Alarm_IRQHandler                     0x080002c7   Thumb Code     0  startup_stm32h750xx.o(.text)
    RTC_WKUP_IRQHandler                      0x080002c7   Thumb Code     0  startup_stm32h750xx.o(.text)
    SAI1_IRQHandler                          0x080002c7   Thumb Code     0  startup_stm32h750xx.o(.text)
    SAI2_IRQHandler                          0x080002c7   Thumb Code     0  startup_stm32h750xx.o(.text)
    SAI3_IRQHandler                          0x080002c7   Thumb Code     0  startup_stm32h750xx.o(.text)
    SAI4_IRQHandler                          0x080002c7   Thumb Code     0  startup_stm32h750xx.o(.text)
    SDMMC1_IRQHandler                        0x080002c7   Thumb Code     0  startup_stm32h750xx.o(.text)
    SDMMC2_IRQHandler                        0x080002c7   Thumb Code     0  startup_stm32h750xx.o(.text)
    SPDIF_RX_IRQHandler                      0x080002c7   Thumb Code     0  startup_stm32h750xx.o(.text)
    SPI1_IRQHandler                          0x080002c7   Thumb Code     0  startup_stm32h750xx.o(.text)
    SPI2_IRQHandler                          0x080002c7   Thumb Code     0  startup_stm32h750xx.o(.text)
    SPI3_IRQHandler                          0x080002c7   Thumb Code     0  startup_stm32h750xx.o(.text)
    SPI4_IRQHandler                          0x080002c7   Thumb Code     0  startup_stm32h750xx.o(.text)
    SPI5_IRQHandler                          0x080002c7   Thumb Code     0  startup_stm32h750xx.o(.text)
    SPI6_IRQHandler                          0x080002c7   Thumb Code     0  startup_stm32h750xx.o(.text)
    SWPMI1_IRQHandler                        0x080002c7   Thumb Code     0  startup_stm32h750xx.o(.text)
    TAMP_STAMP_IRQHandler                    0x080002c7   Thumb Code     0  startup_stm32h750xx.o(.text)
    TIM15_IRQHandler                         0x080002c7   Thumb Code     0  startup_stm32h750xx.o(.text)
    TIM16_IRQHandler                         0x080002c7   Thumb Code     0  startup_stm32h750xx.o(.text)
    TIM17_IRQHandler                         0x080002c7   Thumb Code     0  startup_stm32h750xx.o(.text)
    TIM1_BRK_IRQHandler                      0x080002c7   Thumb Code     0  startup_stm32h750xx.o(.text)
    TIM1_CC_IRQHandler                       0x080002c7   Thumb Code     0  startup_stm32h750xx.o(.text)
    TIM1_TRG_COM_IRQHandler                  0x080002c7   Thumb Code     0  startup_stm32h750xx.o(.text)
    TIM1_UP_IRQHandler                       0x080002c7   Thumb Code     0  startup_stm32h750xx.o(.text)
    TIM2_IRQHandler                          0x080002c7   Thumb Code     0  startup_stm32h750xx.o(.text)
    TIM3_IRQHandler                          0x080002c7   Thumb Code     0  startup_stm32h750xx.o(.text)
    TIM4_IRQHandler                          0x080002c7   Thumb Code     0  startup_stm32h750xx.o(.text)
    TIM5_IRQHandler                          0x080002c7   Thumb Code     0  startup_stm32h750xx.o(.text)
    TIM6_DAC_IRQHandler                      0x080002c7   Thumb Code     0  startup_stm32h750xx.o(.text)
    TIM7_IRQHandler                          0x080002c7   Thumb Code     0  startup_stm32h750xx.o(.text)
    TIM8_BRK_TIM12_IRQHandler                0x080002c7   Thumb Code     0  startup_stm32h750xx.o(.text)
    TIM8_CC_IRQHandler                       0x080002c7   Thumb Code     0  startup_stm32h750xx.o(.text)
    TIM8_TRG_COM_TIM14_IRQHandler            0x080002c7   Thumb Code     0  startup_stm32h750xx.o(.text)
    TIM8_UP_TIM13_IRQHandler                 0x080002c7   Thumb Code     0  startup_stm32h750xx.o(.text)
    UART4_IRQHandler                         0x080002c7   Thumb Code     0  startup_stm32h750xx.o(.text)
    UART5_IRQHandler                         0x080002c7   Thumb Code     0  startup_stm32h750xx.o(.text)
    UART7_IRQHandler                         0x080002c7   Thumb Code     0  startup_stm32h750xx.o(.text)
    UART8_IRQHandler                         0x080002c7   Thumb Code     0  startup_stm32h750xx.o(.text)
    USART1_IRQHandler                        0x080002c7   Thumb Code     0  startup_stm32h750xx.o(.text)
    USART2_IRQHandler                        0x080002c7   Thumb Code     0  startup_stm32h750xx.o(.text)
    USART3_IRQHandler                        0x080002c7   Thumb Code     0  startup_stm32h750xx.o(.text)
    USART6_IRQHandler                        0x080002c7   Thumb Code     0  startup_stm32h750xx.o(.text)
    WAKEUP_PIN_IRQHandler                    0x080002c7   Thumb Code     0  startup_stm32h750xx.o(.text)
    WWDG_IRQHandler                          0x080002c7   Thumb Code     0  startup_stm32h750xx.o(.text)
    __aeabi_memset                           0x080002d1   Thumb Code    14  memseta.o(.text)
    __aeabi_memset4                          0x080002d1   Thumb Code     0  memseta.o(.text)
    __aeabi_memset8                          0x080002d1   Thumb Code     0  memseta.o(.text)
    __aeabi_memclr                           0x080002df   Thumb Code     4  memseta.o(.text)
    __aeabi_memclr4                          0x080002df   Thumb Code     0  memseta.o(.text)
    __aeabi_memclr8                          0x080002df   Thumb Code     0  memseta.o(.text)
    _memset$wrapper                          0x080002e3   Thumb Code    18  memseta.o(.text)
    __aeabi_uldivmod                         0x080002f5   Thumb Code    98  uldiv.o(.text)
    __scatterload                            0x08000359   Thumb Code    28  init.o(.text)
    __scatterload_rt2                        0x08000359   Thumb Code     0  init.o(.text)
    __aeabi_llsl                             0x0800037d   Thumb Code    30  llshl.o(.text)
    _ll_shift_l                              0x0800037d   Thumb Code     0  llshl.o(.text)
    __aeabi_llsr                             0x0800039b   Thumb Code    32  llushr.o(.text)
    _ll_ushift_r                             0x0800039b   Thumb Code     0  llushr.o(.text)
    ADC_ConfigureBoostMode                   0x080003bd   Thumb Code   236  stm32h7xx_hal_adc.o(i.ADC_ConfigureBoostMode)
    ADC_ConversionStop                       0x080004c5   Thumb Code   216  stm32h7xx_hal_adc.o(i.ADC_ConversionStop)
    ADC_Disable                              0x080005a5   Thumb Code   106  stm32h7xx_hal_adc.o(i.ADC_Disable)
    ADC_Enable                               0x08000615   Thumb Code   156  stm32h7xx_hal_adc.o(i.ADC_Enable)
    BusFault_Handler                         0x080006c5   Thumb Code     2  stm32h7xx_it.o(i.BusFault_Handler)
    DebugMon_Handler                         0x08000751   Thumb Code     2  stm32h7xx_it.o(i.DebugMon_Handler)
    Error_Handler                            0x08000753   Thumb Code    12  main.o(i.Error_Handler)
    HAL_ADCEx_Calibration_Start              0x08000761   Thumb Code   146  stm32h7xx_hal_adc_ex.o(i.HAL_ADCEx_Calibration_Start)
    HAL_ADC_ConfigChannel                    0x080007fd   Thumb Code   932  stm32h7xx_hal_adc.o(i.HAL_ADC_ConfigChannel)
    HAL_ADC_GetValue                         0x08000bd9   Thumb Code     6  stm32h7xx_hal_adc.o(i.HAL_ADC_GetValue)
    HAL_ADC_Init                             0x08000be1   Thumb Code   492  stm32h7xx_hal_adc.o(i.HAL_ADC_Init)
    HAL_ADC_MspInit                          0x08000e01   Thumb Code   122  adc.o(i.HAL_ADC_MspInit)
    HAL_ADC_PollForConversion                0x08000e85   Thumb Code   274  stm32h7xx_hal_adc.o(i.HAL_ADC_PollForConversion)
    HAL_ADC_Start                            0x08000fa9   Thumb Code   240  stm32h7xx_hal_adc.o(i.HAL_ADC_Start)
    HAL_ADC_Stop                             0x080010ad   Thumb Code    62  stm32h7xx_hal_adc.o(i.HAL_ADC_Stop)
    HAL_Delay                                0x080010ed   Thumb Code    32  stm32h7xx_hal.o(i.HAL_Delay)
    HAL_GPIO_Init                            0x08001111   Thumb Code   426  stm32h7xx_hal_gpio.o(i.HAL_GPIO_Init)
    HAL_GPIO_ReadPin                         0x080012ed   Thumb Code    10  stm32h7xx_hal_gpio.o(i.HAL_GPIO_ReadPin)
    HAL_GPIO_WritePin                        0x080012f7   Thumb Code    10  stm32h7xx_hal_gpio.o(i.HAL_GPIO_WritePin)
    HAL_GetDEVID                             0x08001301   Thumb Code    10  stm32h7xx_hal.o(i.HAL_GetDEVID)
    HAL_GetREVID                             0x08001311   Thumb Code     8  stm32h7xx_hal.o(i.HAL_GetREVID)
    HAL_GetTick                              0x0800131d   Thumb Code     6  stm32h7xx_hal.o(i.HAL_GetTick)
    HAL_IncTick                              0x08001329   Thumb Code    12  stm32h7xx_hal.o(i.HAL_IncTick)
    HAL_Init                                 0x08001339   Thumb Code    74  stm32h7xx_hal.o(i.HAL_Init)
    HAL_InitTick                             0x08001395   Thumb Code    56  stm32h7xx_hal.o(i.HAL_InitTick)
    HAL_MPU_ConfigRegion                     0x080013d5   Thumb Code    80  stm32h7xx_hal_cortex.o(i.HAL_MPU_ConfigRegion)
    HAL_MPU_Disable                          0x08001429   Thumb Code    24  stm32h7xx_hal_cortex.o(i.HAL_MPU_Disable)
    HAL_MPU_Enable                           0x08001445   Thumb Code    30  stm32h7xx_hal_cortex.o(i.HAL_MPU_Enable)
    HAL_MspInit                              0x08001469   Thumb Code    50  stm32h7xx_hal_msp.o(i.HAL_MspInit)
    HAL_NVIC_SetPriority                     0x080014a1   Thumb Code    60  stm32h7xx_hal_cortex.o(i.HAL_NVIC_SetPriority)
    HAL_NVIC_SetPriorityGrouping             0x080014e1   Thumb Code    26  stm32h7xx_hal_cortex.o(i.HAL_NVIC_SetPriorityGrouping)
    HAL_PWREx_ConfigSupply                   0x08001505   Thumb Code    76  stm32h7xx_hal_pwr_ex.o(i.HAL_PWREx_ConfigSupply)
    HAL_RCCEx_GetD3PCLK1Freq                 0x08001555   Thumb Code    26  stm32h7xx_hal_rcc_ex.o(i.HAL_RCCEx_GetD3PCLK1Freq)
    HAL_RCCEx_GetPLL1ClockFreq               0x08001579   Thumb Code   318  stm32h7xx_hal_rcc_ex.o(i.HAL_RCCEx_GetPLL1ClockFreq)
    HAL_RCCEx_GetPLL2ClockFreq               0x080016d1   Thumb Code   290  stm32h7xx_hal_rcc_ex.o(i.HAL_RCCEx_GetPLL2ClockFreq)
    HAL_RCCEx_GetPLL3ClockFreq               0x0800180d   Thumb Code   290  stm32h7xx_hal_rcc_ex.o(i.HAL_RCCEx_GetPLL3ClockFreq)
    HAL_RCCEx_GetPeriphCLKFreq               0x08001949   Thumb Code   714  stm32h7xx_hal_rcc_ex.o(i.HAL_RCCEx_GetPeriphCLKFreq)
    HAL_RCCEx_PeriphCLKConfig                0x08001c25   Thumb Code  2468  stm32h7xx_hal_rcc_ex.o(i.HAL_RCCEx_PeriphCLKConfig)
    HAL_RCC_ClockConfig                      0x080025cd   Thumb Code   590  stm32h7xx_hal_rcc.o(i.HAL_RCC_ClockConfig)
    HAL_RCC_GetHCLKFreq                      0x0800283d   Thumb Code    52  stm32h7xx_hal_rcc.o(i.HAL_RCC_GetHCLKFreq)
    HAL_RCC_GetPCLK1Freq                     0x08002881   Thumb Code    26  stm32h7xx_hal_rcc.o(i.HAL_RCC_GetPCLK1Freq)
    HAL_RCC_GetSysClockFreq                  0x080028a5   Thumb Code   270  stm32h7xx_hal_rcc.o(i.HAL_RCC_GetSysClockFreq)
    HAL_RCC_OscConfig                        0x080029d5   Thumb Code  1390  stm32h7xx_hal_rcc.o(i.HAL_RCC_OscConfig)
    HAL_SPI_Init                             0x08002f45   Thumb Code   356  stm32h7xx_hal_spi.o(i.HAL_SPI_Init)
    HAL_SPI_MspInit                          0x080030b5   Thumb Code   124  spi.o(i.HAL_SPI_MspInit)
    HAL_SPI_Receive                          0x0800313d   Thumb Code   446  stm32h7xx_hal_spi.o(i.HAL_SPI_Receive)
    HAL_SPI_Transmit                         0x080032fb   Thumb Code   570  stm32h7xx_hal_spi.o(i.HAL_SPI_Transmit)
    HAL_SYSCFG_AnalogSwitchConfig            0x08003535   Thumb Code    12  stm32h7xx_hal.o(i.HAL_SYSCFG_AnalogSwitchConfig)
    HAL_SYSCFG_DisableVREFBUF                0x08003545   Thumb Code    12  stm32h7xx_hal.o(i.HAL_SYSCFG_DisableVREFBUF)
    HAL_SYSCFG_VREFBUF_HighImpedanceConfig   0x08003555   Thumb Code    14  stm32h7xx_hal.o(i.HAL_SYSCFG_VREFBUF_HighImpedanceConfig)
    HAL_SYSTICK_Config                       0x08003569   Thumb Code    40  stm32h7xx_hal_cortex.o(i.HAL_SYSTICK_Config)
    HAL_TIMEx_ConfigBreakDeadTime            0x08003591   Thumb Code   132  stm32h7xx_hal_tim_ex.o(i.HAL_TIMEx_ConfigBreakDeadTime)
    HAL_TIMEx_MasterConfigSynchronization    0x0800361d   Thumb Code   136  stm32h7xx_hal_tim_ex.o(i.HAL_TIMEx_MasterConfigSynchronization)
    HAL_TIMEx_PWMN_Start                     0x080036c1   Thumb Code   176  stm32h7xx_hal_tim_ex.o(i.HAL_TIMEx_PWMN_Start)
    HAL_TIM_MspPostInit                      0x08003791   Thumb Code    72  tim.o(i.HAL_TIM_MspPostInit)
    HAL_TIM_PWM_ConfigChannel                0x080037e5   Thumb Code   292  stm32h7xx_hal_tim.o(i.HAL_TIM_PWM_ConfigChannel)
    HAL_TIM_PWM_Init                         0x08003909   Thumb Code    98  stm32h7xx_hal_tim.o(i.HAL_TIM_PWM_Init)
    HAL_TIM_PWM_MspInit                      0x0800396d   Thumb Code    30  tim.o(i.HAL_TIM_PWM_MspInit)
    HardFault_Handler                        0x08003995   Thumb Code     2  stm32h7xx_it.o(i.HardFault_Handler)
    LCD_GetBrightness                        0x08003999   Thumb Code     8  lcd.o(i.LCD_GetBrightness)
    LCD_Light                                0x080039a5   Thumb Code   130  lcd.o(i.LCD_Light)
    LCD_ShowChar                             0x08003a31   Thumb Code   420  lcd.o(i.LCD_ShowChar)
    LCD_ShowString                           0x08003be5   Thumb Code    84  lcd.o(i.LCD_ShowString)
    LCD_Test                                 0x08003c39   Thumb Code   388  lcd.o(i.LCD_Test)
    LED_Blink                                0x08003e01   Thumb Code    44  main.o(i.LED_Blink)
    MX_ADC3_Init                             0x08003eed   Thumb Code   174  adc.o(i.MX_ADC3_Init)
    MX_GPIO_Init                             0x08003fb1   Thumb Code   166  gpio.o(i.MX_GPIO_Init)
    MX_SPI4_Init                             0x08004065   Thumb Code    88  spi.o(i.MX_SPI4_Init)
    MX_TIM1_Init                             0x080040c5   Thumb Code   168  tim.o(i.MX_TIM1_Init)
    MemManage_Handler                        0x08004175   Thumb Code     2  stm32h7xx_it.o(i.MemManage_Handler)
    NMI_Handler                              0x08004177   Thumb Code     2  stm32h7xx_it.o(i.NMI_Handler)
    PendSV_Handler                           0x08004179   Thumb Code     2  stm32h7xx_it.o(i.PendSV_Handler)
    ST7735_DeInit                            0x080044a5   Thumb Code     4  st7735.o(i.ST7735_DeInit)
    ST7735_DisplayOff                        0x080044a9   Thumb Code   122  st7735.o(i.ST7735_DisplayOff)
    ST7735_DisplayOn                         0x0800452d   Thumb Code   122  st7735.o(i.ST7735_DisplayOn)
    ST7735_DrawBitmap                        0x080045b1   Thumb Code   306  st7735.o(i.ST7735_DrawBitmap)
    ST7735_DrawHLine                         0x080046ed   Thumb Code    82  st7735.o(i.ST7735_DrawHLine)
    ST7735_DrawVLine                         0x08004749   Thumb Code    66  st7735.o(i.ST7735_DrawVLine)
    ST7735_FillRGBRect                       0x08004791   Thumb Code   122  st7735.o(i.ST7735_FillRGBRect)
    ST7735_FillRect                          0x08004815   Thumb Code    58  st7735.o(i.ST7735_FillRect)
    ST7735_GetBrightness                     0x0800484f   Thumb Code     6  st7735.o(i.ST7735_GetBrightness)
    ST7735_GetOrientation                    0x08004855   Thumb Code    10  st7735.o(i.ST7735_GetOrientation)
    ST7735_GetPixel                          0x08004865   Thumb Code    86  st7735.o(i.ST7735_GetPixel)
    ST7735_GetXSize                          0x080048bd   Thumb Code    10  st7735.o(i.ST7735_GetXSize)
    ST7735_GetYSize                          0x080048cd   Thumb Code    10  st7735.o(i.ST7735_GetYSize)
    ST7735_Init                              0x080048f7   Thumb Code  1202  st7735.o(i.ST7735_Init)
    ST7735_ReadID                            0x08004da9   Thumb Code    76  st7735.o(i.ST7735_ReadID)
    ST7735_RegisterBusIO                     0x08004e11   Thumb Code    68  st7735.o(i.ST7735_RegisterBusIO)
    ST7735_SetBrightness                     0x08004e73   Thumb Code     6  st7735.o(i.ST7735_SetBrightness)
    ST7735_SetCursor                         0x08004e79   Thumb Code   198  st7735.o(i.ST7735_SetCursor)
    ST7735_SetOrientation                    0x0800505d   Thumb Code   150  st7735.o(i.ST7735_SetOrientation)
    ST7735_SetPixel                          0x080050fd   Thumb Code    66  st7735.o(i.ST7735_SetPixel)
    SVC_Handler                              0x08005159   Thumb Code     2  stm32h7xx_it.o(i.SVC_Handler)
    SysTick_Handler                          0x0800515b   Thumb Code     4  stm32h7xx_it.o(i.SysTick_Handler)
    SystemClock_Config                       0x08005161   Thumb Code   218  main.o(i.SystemClock_Config)
    SystemInit                               0x08005249   Thumb Code   132  system_stm32h7xx.o(i.SystemInit)
    TIM_Base_SetConfig                       0x080052e1   Thumb Code   160  stm32h7xx_hal_tim.o(i.TIM_Base_SetConfig)
    TIM_OC2_SetConfig                        0x08005459   Thumb Code   120  stm32h7xx_hal_tim.o(i.TIM_OC2_SetConfig)
    UsageFault_Handler                       0x080056cd   Thumb Code     2  stm32h7xx_it.o(i.UsageFault_Handler)
    __0sprintf$8                             0x080056d1   Thumb Code    34  printf8.o(i.__0sprintf$8)
    __1sprintf$8                             0x080056d1   Thumb Code     0  printf8.o(i.__0sprintf$8)
    __2sprintf                               0x080056d1   Thumb Code     0  printf8.o(i.__0sprintf$8)
    __scatterload_copy                       0x08005719   Thumb Code    14  handlers.o(i.__scatterload_copy)
    __scatterload_null                       0x08005727   Thumb Code     2  handlers.o(i.__scatterload_null)
    __scatterload_zeroinit                   0x08005729   Thumb Code    14  handlers.o(i.__scatterload_zeroinit)
    free                                     0x08005ba5   Thumb Code    76  malloc.o(i.free)
    main                                     0x08005d81   Thumb Code   318  main.o(i.main)
    malloc                                   0x08005f0d   Thumb Code    92  malloc.o(i.malloc)
    st7735_read_reg                          0x08005f79   Thumb Code    14  st7735_reg.o(i.st7735_read_reg)
    st7735_recv_data                         0x08005f87   Thumb Code    14  st7735_reg.o(i.st7735_recv_data)
    st7735_send_data                         0x08005f95   Thumb Code    14  st7735_reg.o(i.st7735_send_data)
    st7735_write_reg                         0x08005fa3   Thumb Code    14  st7735_reg.o(i.st7735_write_reg)
    D1CorePrescTable                         0x08005fb0   Data          16  system_stm32h7xx.o(.constdata)
    asc2_1206                                0x08005fc0   Data        1140  lcd.o(.constdata)
    asc2_1608                                0x08006434   Data        1520  lcd.o(.constdata)
    WeActStudiologo_128_160                  0x08006a24   Data       43075  logo_128_160.o(.constdata)
    Region$$Table$$Base                      0x08011268   Number         0  anon$$obj.o(Region$$Table)
    Region$$Table$$Limit                     0x08011288   Number         0  anon$$obj.o(Region$$Table)
    adc3_inp0                                0x24000000   Data           4  main.o(.data)
    vbat                                     0x24000004   Data           4  main.o(.data)
    tempsensor                               0x24000008   Data           4  main.o(.data)
    vrefint                                  0x2400000c   Data           4  main.o(.data)
    uhADCxConvertedValue                     0x24000010   Data           8  main.o(.data)
    uwTickFreq                               0x24000018   Data           1  stm32h7xx_hal.o(.data)
    uwTickPrio                               0x2400001c   Data           4  stm32h7xx_hal.o(.data)
    uwTick                                   0x24000020   Data           4  stm32h7xx_hal.o(.data)
    SystemCoreClock                          0x24000024   Data           4  system_stm32h7xx.o(.data)
    SystemD2Clock                            0x24000028   Data           4  system_stm32h7xx.o(.data)
    ST7735_LCD_Driver                        0x2400002c   Data          76  st7735.o(.data)
    POINT_COLOR                              0x24000098   Data           2  lcd.o(.data)
    BACK_COLOR                               0x2400009a   Data           2  lcd.o(.data)
    st7735_id                                0x2400009c   Data           4  lcd.o(.data)
    st7735_pIO                               0x240000a0   Data          32  lcd.o(.data)
    __microlib_freelist                      0x240000c0   Data           4  mvars.o(.data)
    __microlib_freelist_initialised          0x240000c4   Data           4  mvars.o(.data)
    uhADCxInputVoltage                       0x240000c8   Data          16  main.o(.bss)
    hadc3                                    0x240000d8   Data         100  adc.o(.bss)
    hspi4                                    0x2400013c   Data         136  spi.o(.bss)
    htim1                                    0x240001c4   Data          76  tim.o(.bss)
    ST7735Ctx                                0x24000710   Data          16  st7735.o(.bss)
    st7735_pObj                              0x24000720   Data          56  lcd.o(.bss)
    __heap_base                              0x24000758   Data           0  startup_stm32h750xx.o(HEAP)
    __heap_limit                             0x24000958   Data           0  startup_stm32h750xx.o(HEAP)
    __initial_sp                             0x24000d58   Data           0  startup_stm32h750xx.o(STACK)



==============================================================================

Memory Map of the image

  Image Entry point : 0x08000299

  Load Region LR_IROM1 (Base: 0x08000000, Size: 0x00011350, Max: 0x00020000, ABSOLUTE)

    Execution Region ER_IROM1 (Base: 0x08000000, Size: 0x00011288, Max: 0x00020000, ABSOLUTE)

    Base Addr    Size         Type   Attr      Idx    E Section Name        Object

    0x08000000   0x00000298   Data   RO            3    RESET               startup_stm32h750xx.o
    0x08000298   0x00000000   Code   RO         5020  * .ARM.Collect$$$$00000000  mc_w.l(entry.o)
    0x08000298   0x00000004   Code   RO         5314    .ARM.Collect$$$$00000001  mc_w.l(entry2.o)
    0x0800029c   0x00000004   Code   RO         5317    .ARM.Collect$$$$00000004  mc_w.l(entry5.o)
    0x080002a0   0x00000000   Code   RO         5319    .ARM.Collect$$$$00000008  mc_w.l(entry7b.o)
    0x080002a0   0x00000000   Code   RO         5321    .ARM.Collect$$$$0000000A  mc_w.l(entry8b.o)
    0x080002a0   0x00000008   Code   RO         5322    .ARM.Collect$$$$0000000B  mc_w.l(entry9a.o)
    0x080002a8   0x00000000   Code   RO         5324    .ARM.Collect$$$$0000000D  mc_w.l(entry10a.o)
    0x080002a8   0x00000000   Code   RO         5326    .ARM.Collect$$$$0000000F  mc_w.l(entry11a.o)
    0x080002a8   0x00000004   Code   RO         5315    .ARM.Collect$$$$00002712  mc_w.l(entry2.o)
    0x080002ac   0x00000024   Code   RO            4    .text               startup_stm32h750xx.o
    0x080002d0   0x00000024   Code   RO         5023    .text               mc_w.l(memseta.o)
    0x080002f4   0x00000062   Code   RO         5333    .text               mc_w.l(uldiv.o)
    0x08000356   0x00000002   PAD
    0x08000358   0x00000024   Code   RO         5352    .text               mc_w.l(init.o)
    0x0800037c   0x0000001e   Code   RO         5355    .text               mc_w.l(llshl.o)
    0x0800039a   0x00000020   Code   RO         5357    .text               mc_w.l(llushr.o)
    0x080003ba   0x00000002   PAD
    0x080003bc   0x00000108   Code   RO          507    i.ADC_ConfigureBoostMode  stm32h7xx_hal_adc.o
    0x080004c4   0x000000e0   Code   RO          508    i.ADC_ConversionStop  stm32h7xx_hal_adc.o
    0x080005a4   0x00000070   Code   RO          512    i.ADC_Disable       stm32h7xx_hal_adc.o
    0x08000614   0x000000b0   Code   RO          513    i.ADC_Enable        stm32h7xx_hal_adc.o
    0x080006c4   0x00000002   Code   RO          408    i.BusFault_Handler  stm32h7xx_it.o
    0x080006c6   0x00000002   PAD
    0x080006c8   0x00000088   Code   RO          163    i.CPU_CACHE_Enable  main.o
    0x08000750   0x00000002   Code   RO          409    i.DebugMon_Handler  stm32h7xx_it.o
    0x08000752   0x0000000c   Code   RO          164    i.Error_Handler     main.o
    0x0800075e   0x00000002   PAD
    0x08000760   0x0000009c   Code   RO          734    i.HAL_ADCEx_Calibration_Start  stm32h7xx_hal_adc_ex.o
    0x080007fc   0x000003dc   Code   RO          515    i.HAL_ADC_ConfigChannel  stm32h7xx_hal_adc.o
    0x08000bd8   0x00000006   Code   RO          522    i.HAL_ADC_GetValue  stm32h7xx_hal_adc.o
    0x08000bde   0x00000002   PAD
    0x08000be0   0x00000220   Code   RO          524    i.HAL_ADC_Init      stm32h7xx_hal_adc.o
    0x08000e00   0x00000084   Code   RO          277    i.HAL_ADC_MspInit   adc.o
    0x08000e84   0x00000124   Code   RO          528    i.HAL_ADC_PollForConversion  stm32h7xx_hal_adc.o
    0x08000fa8   0x00000104   Code   RO          530    i.HAL_ADC_Start     stm32h7xx_hal_adc.o
    0x080010ac   0x0000003e   Code   RO          533    i.HAL_ADC_Stop      stm32h7xx_hal_adc.o
    0x080010ea   0x00000002   PAD
    0x080010ec   0x00000024   Code   RO         2443    i.HAL_Delay         stm32h7xx_hal.o
    0x08001110   0x000001dc   Code   RO         1441    i.HAL_GPIO_Init     stm32h7xx_hal_gpio.o
    0x080012ec   0x0000000a   Code   RO         1443    i.HAL_GPIO_ReadPin  stm32h7xx_hal_gpio.o
    0x080012f6   0x0000000a   Code   RO         1445    i.HAL_GPIO_WritePin  stm32h7xx_hal_gpio.o
    0x08001300   0x00000010   Code   RO         2451    i.HAL_GetDEVID      stm32h7xx_hal.o
    0x08001310   0x0000000c   Code   RO         2454    i.HAL_GetREVID      stm32h7xx_hal.o
    0x0800131c   0x0000000c   Code   RO         2455    i.HAL_GetTick       stm32h7xx_hal.o
    0x08001328   0x00000010   Code   RO         2461    i.HAL_IncTick       stm32h7xx_hal.o
    0x08001338   0x0000005c   Code   RO         2462    i.HAL_Init          stm32h7xx_hal.o
    0x08001394   0x00000040   Code   RO         2463    i.HAL_InitTick      stm32h7xx_hal.o
    0x080013d4   0x00000054   Code   RO         2296    i.HAL_MPU_ConfigRegion  stm32h7xx_hal_cortex.o
    0x08001428   0x0000001c   Code   RO         2297    i.HAL_MPU_Disable   stm32h7xx_hal_cortex.o
    0x08001444   0x00000024   Code   RO         2298    i.HAL_MPU_Enable    stm32h7xx_hal_cortex.o
    0x08001468   0x00000038   Code   RO          483    i.HAL_MspInit       stm32h7xx_hal_msp.o
    0x080014a0   0x00000040   Code   RO         2307    i.HAL_NVIC_SetPriority  stm32h7xx_hal_cortex.o
    0x080014e0   0x00000024   Code   RO         2308    i.HAL_NVIC_SetPriorityGrouping  stm32h7xx_hal_cortex.o
    0x08001504   0x00000050   Code   RO         2042    i.HAL_PWREx_ConfigSupply  stm32h7xx_hal_pwr_ex.o
    0x08001554   0x00000024   Code   RO         1084    i.HAL_RCCEx_GetD3PCLK1Freq  stm32h7xx_hal_rcc_ex.o
    0x08001578   0x00000158   Code   RO         1085    i.HAL_RCCEx_GetPLL1ClockFreq  stm32h7xx_hal_rcc_ex.o
    0x080016d0   0x0000013c   Code   RO         1086    i.HAL_RCCEx_GetPLL2ClockFreq  stm32h7xx_hal_rcc_ex.o
    0x0800180c   0x0000013c   Code   RO         1087    i.HAL_RCCEx_GetPLL3ClockFreq  stm32h7xx_hal_rcc_ex.o
    0x08001948   0x000002dc   Code   RO         1089    i.HAL_RCCEx_GetPeriphCLKFreq  stm32h7xx_hal_rcc_ex.o
    0x08001c24   0x000009a8   Code   RO         1093    i.HAL_RCCEx_PeriphCLKConfig  stm32h7xx_hal_rcc_ex.o
    0x080025cc   0x00000270   Code   RO          969    i.HAL_RCC_ClockConfig  stm32h7xx_hal_rcc.o
    0x0800283c   0x00000044   Code   RO          974    i.HAL_RCC_GetHCLKFreq  stm32h7xx_hal_rcc.o
    0x08002880   0x00000024   Code   RO          976    i.HAL_RCC_GetPCLK1Freq  stm32h7xx_hal_rcc.o
    0x080028a4   0x00000130   Code   RO          978    i.HAL_RCC_GetSysClockFreq  stm32h7xx_hal_rcc.o
    0x080029d4   0x0000056e   Code   RO          981    i.HAL_RCC_OscConfig  stm32h7xx_hal_rcc.o
    0x08002f42   0x00000002   PAD
    0x08002f44   0x00000170   Code   RO         3357    i.HAL_SPI_Init      stm32h7xx_hal_spi.o
    0x080030b4   0x00000088   Code   RO          319    i.HAL_SPI_MspInit   spi.o
    0x0800313c   0x000001be   Code   RO         3360    i.HAL_SPI_Receive   stm32h7xx_hal_spi.o
    0x080032fa   0x0000023a   Code   RO         3366    i.HAL_SPI_Transmit  stm32h7xx_hal_spi.o
    0x08003534   0x00000010   Code   RO         2467    i.HAL_SYSCFG_AnalogSwitchConfig  stm32h7xx_hal.o
    0x08003544   0x00000010   Code   RO         2473    i.HAL_SYSCFG_DisableVREFBUF  stm32h7xx_hal.o
    0x08003554   0x00000014   Code   RO         2478    i.HAL_SYSCFG_VREFBUF_HighImpedanceConfig  stm32h7xx_hal.o
    0x08003568   0x00000028   Code   RO         2312    i.HAL_SYSTICK_Config  stm32h7xx_hal_cortex.o
    0x08003590   0x0000008c   Code   RO         4395    i.HAL_TIMEx_ConfigBreakDeadTime  stm32h7xx_hal_tim_ex.o
    0x0800361c   0x000000a4   Code   RO         4413    i.HAL_TIMEx_MasterConfigSynchronization  stm32h7xx_hal_tim_ex.o
    0x080036c0   0x000000d0   Code   RO         4424    i.HAL_TIMEx_PWMN_Start  stm32h7xx_hal_tim_ex.o
    0x08003790   0x00000054   Code   RO          360    i.HAL_TIM_MspPostInit  tim.o
    0x080037e4   0x00000124   Code   RO         3749    i.HAL_TIM_PWM_ConfigChannel  stm32h7xx_hal_tim.o
    0x08003908   0x00000062   Code   RO         3752    i.HAL_TIM_PWM_Init  stm32h7xx_hal_tim.o
    0x0800396a   0x00000002   PAD
    0x0800396c   0x00000028   Code   RO          362    i.HAL_TIM_PWM_MspInit  tim.o
    0x08003994   0x00000002   Code   RO          410    i.HardFault_Handler  stm32h7xx_it.o
    0x08003996   0x00000002   PAD
    0x08003998   0x0000000c   Code   RO         4913    i.LCD_GetBrightness  lcd.o
    0x080039a4   0x0000008c   Code   RO         4914    i.LCD_Light         lcd.o
    0x08003a30   0x000001b4   Code   RO         4916    i.LCD_ShowChar      lcd.o
    0x08003be4   0x00000054   Code   RO         4917    i.LCD_ShowString    lcd.o
    0x08003c38   0x000001c8   Code   RO         4918    i.LCD_Test          lcd.o
    0x08003e00   0x00000030   Code   RO          165    i.LED_Blink         main.o
    0x08003e30   0x00000008   Code   RO          536    i.LL_ADC_INJ_IsConversionOngoing  stm32h7xx_hal_adc.o
    0x08003e38   0x00000008   Code   RO          537    i.LL_ADC_IsEnabled  stm32h7xx_hal_adc.o
    0x08003e40   0x00000008   Code   RO          538    i.LL_ADC_REG_IsConversionOngoing  stm32h7xx_hal_adc.o
    0x08003e48   0x00000010   Code   RO          539    i.LL_ADC_REG_IsTriggerSourceSWStart  stm32h7xx_hal_adc.o
    0x08003e58   0x0000001e   Code   RO          541    i.LL_ADC_SetChannelSamplingTime  stm32h7xx_hal_adc.o
    0x08003e76   0x00000076   Code   RO          166    i.MPU_Config        main.o
    0x08003eec   0x000000c4   Code   RO          278    i.MX_ADC3_Init      adc.o
    0x08003fb0   0x000000b4   Code   RO          252    i.MX_GPIO_Init      gpio.o
    0x08004064   0x00000060   Code   RO          320    i.MX_SPI4_Init      spi.o
    0x080040c4   0x000000b0   Code   RO          363    i.MX_TIM1_Init      tim.o
    0x08004174   0x00000002   Code   RO          411    i.MemManage_Handler  stm32h7xx_it.o
    0x08004176   0x00000002   Code   RO          412    i.NMI_Handler       stm32h7xx_it.o
    0x08004178   0x00000002   Code   RO          413    i.PendSV_Handler    stm32h7xx_it.o
    0x0800417a   0x00000002   PAD
    0x0800417c   0x00000114   Code   RO         1096    i.RCCEx_PLL2_Config  stm32h7xx_hal_rcc_ex.o
    0x08004290   0x00000114   Code   RO         1097    i.RCCEx_PLL3_Config  stm32h7xx_hal_rcc_ex.o
    0x080043a4   0x000000bc   Code   RO         3377    i.SPI_CloseTransfer  stm32h7xx_hal_spi.o
    0x08004460   0x00000044   Code   RO         3394    i.SPI_WaitOnFlagUntilTimeout  stm32h7xx_hal_spi.o
    0x080044a4   0x00000004   Code   RO         4716    i.ST7735_DeInit     st7735.o
    0x080044a8   0x00000084   Code   RO         4717    i.ST7735_DisplayOff  st7735.o
    0x0800452c   0x00000084   Code   RO         4718    i.ST7735_DisplayOn  st7735.o
    0x080045b0   0x0000013c   Code   RO         4719    i.ST7735_DrawBitmap  st7735.o
    0x080046ec   0x0000005c   Code   RO         4720    i.ST7735_DrawHLine  st7735.o
    0x08004748   0x00000048   Code   RO         4721    i.ST7735_DrawVLine  st7735.o
    0x08004790   0x00000084   Code   RO         4722    i.ST7735_FillRGBRect  st7735.o
    0x08004814   0x0000003a   Code   RO         4723    i.ST7735_FillRect   st7735.o
    0x0800484e   0x00000006   Code   RO         4724    i.ST7735_GetBrightness  st7735.o
    0x08004854   0x00000010   Code   RO         4725    i.ST7735_GetOrientation  st7735.o
    0x08004864   0x00000056   Code   RO         4726    i.ST7735_GetPixel   st7735.o
    0x080048ba   0x00000002   PAD
    0x080048bc   0x00000010   Code   RO         4727    i.ST7735_GetXSize   st7735.o
    0x080048cc   0x00000010   Code   RO         4728    i.ST7735_GetYSize   st7735.o
    0x080048dc   0x0000001a   Code   RO         4729    i.ST7735_IO_Delay   st7735.o
    0x080048f6   0x000004b2   Code   RO         4730    i.ST7735_Init       st7735.o
    0x08004da8   0x0000004c   Code   RO         4731    i.ST7735_ReadID     st7735.o
    0x08004df4   0x0000000e   Code   RO         4732    i.ST7735_ReadRegWrap  st7735.o
    0x08004e02   0x0000000e   Code   RO         4733    i.ST7735_RecvDataWrap  st7735.o
    0x08004e10   0x00000054   Code   RO         4734    i.ST7735_RegisterBusIO  st7735.o
    0x08004e64   0x0000000e   Code   RO         4735    i.ST7735_SendDataWrap  st7735.o
    0x08004e72   0x00000006   Code   RO         4736    i.ST7735_SetBrightness  st7735.o
    0x08004e78   0x000000cc   Code   RO         4737    i.ST7735_SetCursor  st7735.o
    0x08004f44   0x00000118   Code   RO         4738    i.ST7735_SetDisplayWindow  st7735.o
    0x0800505c   0x000000a0   Code   RO         4739    i.ST7735_SetOrientation  st7735.o
    0x080050fc   0x00000048   Code   RO         4740    i.ST7735_SetPixel   st7735.o
    0x08005144   0x00000014   Code   RO         4741    i.ST7735_WriteRegWrap  st7735.o
    0x08005158   0x00000002   Code   RO          414    i.SVC_Handler       stm32h7xx_it.o
    0x0800515a   0x00000004   Code   RO          415    i.SysTick_Handler   stm32h7xx_it.o
    0x0800515e   0x00000002   PAD
    0x08005160   0x000000e8   Code   RO          167    i.SystemClock_Config  main.o
    0x08005248   0x00000098   Code   RO         4683    i.SystemInit        system_stm32h7xx.o
    0x080052e0   0x000000c0   Code   RO         3770    i.TIM_Base_SetConfig  stm32h7xx_hal_tim.o
    0x080053a0   0x0000001a   Code   RO         4434    i.TIM_CCxNChannelCmd  stm32h7xx_hal_tim_ex.o
    0x080053ba   0x00000002   PAD
    0x080053bc   0x0000009c   Code   RO         3783    i.TIM_OC1_SetConfig  stm32h7xx_hal_tim.o
    0x08005458   0x00000090   Code   RO         3784    i.TIM_OC2_SetConfig  stm32h7xx_hal_tim.o
    0x080054e8   0x00000090   Code   RO         3785    i.TIM_OC3_SetConfig  stm32h7xx_hal_tim.o
    0x08005578   0x00000074   Code   RO         3786    i.TIM_OC4_SetConfig  stm32h7xx_hal_tim.o
    0x080055ec   0x00000070   Code   RO         3787    i.TIM_OC5_SetConfig  stm32h7xx_hal_tim.o
    0x0800565c   0x00000070   Code   RO         3788    i.TIM_OC6_SetConfig  stm32h7xx_hal_tim.o
    0x080056cc   0x00000002   Code   RO          416    i.UsageFault_Handler  stm32h7xx_it.o
    0x080056ce   0x00000002   PAD
    0x080056d0   0x00000028   Code   RO         5234    i.__0sprintf$8      mc_w.l(printf8.o)
    0x080056f8   0x00000020   Code   RO         2314    i.__NVIC_SetPriority  stm32h7xx_hal_cortex.o
    0x08005718   0x0000000e   Code   RO         5366    i.__scatterload_copy  mc_w.l(handlers.o)
    0x08005726   0x00000002   Code   RO         5367    i.__scatterload_null  mc_w.l(handlers.o)
    0x08005728   0x0000000e   Code   RO         5368    i.__scatterload_zeroinit  mc_w.l(handlers.o)
    0x08005736   0x00000002   PAD
    0x08005738   0x00000410   Code   RO         5239    i._printf_core      mc_w.l(printf8.o)
    0x08005b48   0x00000024   Code   RO         5240    i._printf_post_padding  mc_w.l(printf8.o)
    0x08005b6c   0x0000002e   Code   RO         5241    i._printf_pre_padding  mc_w.l(printf8.o)
    0x08005b9a   0x0000000a   Code   RO         5243    i._sputc            mc_w.l(printf8.o)
    0x08005ba4   0x00000050   Code   RO         5286    i.free              mc_w.l(malloc.o)
    0x08005bf4   0x00000004   Code   RO         4919    i.lcd_gettick       lcd.o
    0x08005bf8   0x00000014   Code   RO         4920    i.lcd_init          lcd.o
    0x08005c0c   0x0000006c   Code   RO         4921    i.lcd_readreg       lcd.o
    0x08005c78   0x0000004c   Code   RO         4922    i.lcd_recvdata      lcd.o
    0x08005cc4   0x00000048   Code   RO         4923    i.lcd_senddata      lcd.o
    0x08005d0c   0x00000074   Code   RO         4924    i.lcd_writereg      lcd.o
    0x08005d80   0x0000018c   Code   RO          168    i.main              main.o
    0x08005f0c   0x0000006c   Code   RO         5287    i.malloc            mc_w.l(malloc.o)
    0x08005f78   0x0000000e   Code   RO         4880    i.st7735_read_reg   st7735_reg.o
    0x08005f86   0x0000000e   Code   RO         4881    i.st7735_recv_data  st7735_reg.o
    0x08005f94   0x0000000e   Code   RO         4882    i.st7735_send_data  st7735_reg.o
    0x08005fa2   0x0000000e   Code   RO         4883    i.st7735_write_reg  st7735_reg.o
    0x08005fb0   0x00000010   Data   RO         4684    .constdata          system_stm32h7xx.o
    0x08005fc0   0x00000a64   Data   RO         4929    .constdata          lcd.o
    0x08006a24   0x0000a843   Data   RO         5008    .constdata          logo_128_160.o
    0x08011267   0x00000001   PAD
    0x08011268   0x00000020   Data   RO         5364    Region$$Table       anon$$obj.o


    Execution Region RW_IRAM1 (Base: 0x20000000, Size: 0x00000000, Max: 0x00020000, ABSOLUTE)

    **** No section assigned to this execution region ****


    Execution Region RW_IRAM2 (Base: 0x24000000, Size: 0x00000d58, Max: 0x00080000, ABSOLUTE)

    Base Addr    Size         Type   Attr      Idx    E Section Name        Object

    0x24000000   0x00000018   Data   RW          170    .data               main.o
    0x24000018   0x0000000c   Data   RW         2484    .data               stm32h7xx_hal.o
    0x24000024   0x00000008   Data   RW         4685    .data               system_stm32h7xx.o
    0x2400002c   0x0000004c   Data   RW         4743    .data               st7735.o
    0x24000078   0x00000020   Data   RW         4744    .data               st7735.o
    0x24000098   0x00000028   Data   RW         4930    .data               lcd.o
    0x240000c0   0x00000004   Data   RW         5339    .data               mc_w.l(mvars.o)
    0x240000c4   0x00000004   Data   RW         5340    .data               mc_w.l(mvars.o)
    0x240000c8   0x00000010   Zero   RW          169    .bss                main.o
    0x240000d8   0x00000064   Zero   RW          279    .bss                adc.o
    0x2400013c   0x00000088   Zero   RW          321    .bss                spi.o
    0x240001c4   0x0000004c   Zero   RW          364    .bss                tim.o
    0x24000210   0x00000510   Zero   RW         4742    .bss                st7735.o
    0x24000720   0x00000038   Zero   RW         4925    .bss                lcd.o
    0x24000758   0x00000200   Zero   RW            2    HEAP                startup_stm32h750xx.o
    0x24000958   0x00000400   Zero   RW            1    STACK               startup_stm32h750xx.o


==============================================================================

Image component sizes


      Code (inc. data)   RO Data    RW Data    ZI Data      Debug   Object Name

       328         32          0          0        100       1733   adc.o
         0          0          0          0          0    1322431   debug.o
       180         14          0          0          0        955   gpio.o
      1524        138       2660         40         56       8999   lcd.o
         0          0      43075          0          0        570   logo_128_160.o
       942        104          0         24         16      45009   main.o
       232         20          0          0        136       1681   spi.o
      3250        118          0        108       1296      20820   st7735.o
        56          0          0          0          0       2587   st7735_reg.o
        36          8        664          0       1536        820   startup_stm32h750xx.o
       300         64          0         12          0      25280   stm32h7xx_hal.o
      2998        220          0          0          0      74482   stm32h7xx_hal_adc.o
       156         10          0          0          0      61958   stm32h7xx_hal_adc_ex.o
       320         28          0          0          0      40484   stm32h7xx_hal_cortex.o
       496         50          0          0          0       2563   stm32h7xx_hal_gpio.o
        56          6          0          0          0        838   stm32h7xx_hal_msp.o
        80          4          0          0          0        733   stm32h7xx_hal_pwr_ex.o
      2422        116          0          0          0       5869   stm32h7xx_hal_rcc.o
      4768        182          0          0          0       9355   stm32h7xx_hal_rcc_ex.o
      1640         12          0          0          0       5104   stm32h7xx_hal_spi.o
      1366        180          0          0          0       7822   stm32h7xx_hal_tim.o
       538         68          0          0          0       3459   stm32h7xx_hal_tim_ex.o
        20          0          0          0          0       4022   stm32h7xx_it.o
       152         20         16          8          0       1254   system_stm32h7xx.o
       300         30          0          0         76       2267   tim.o

    ----------------------------------------------------------------------
     22184       1424      46448        192       3216    1651095   Object Totals
         0          0         32          0          0          0   (incl. Generated)
        24          0          1          0          0          0   (incl. Padding)

    ----------------------------------------------------------------------

      Code (inc. data)   RO Data    RW Data    ZI Data      Debug   Library Member Name

         0          0          0          0          0          0   entry.o
         0          0          0          0          0          0   entry10a.o
         0          0          0          0          0          0   entry11a.o
         8          4          0          0          0          0   entry2.o
         4          0          0          0          0          0   entry5.o
         0          0          0          0          0          0   entry7b.o
         0          0          0          0          0          0   entry8b.o
         8          4          0          0          0          0   entry9a.o
        30          0          0          0          0          0   handlers.o
        36          8          0          0          0         68   init.o
        30          0          0          0          0         68   llshl.o
        32          0          0          0          0         68   llushr.o
       188         20          0          0          0        160   malloc.o
        36          0          0          0          0        108   memseta.o
         0          0          0          8          0          0   mvars.o
      1172         50          0          0          0        420   printf8.o
        98          0          0          0          0         92   uldiv.o

    ----------------------------------------------------------------------
      1648         86          0          8          0        984   Library Totals
         6          0          0          0          0          0   (incl. Padding)

    ----------------------------------------------------------------------

      Code (inc. data)   RO Data    RW Data    ZI Data      Debug   Library Name

      1642         86          0          8          0        984   mc_w.l

    ----------------------------------------------------------------------
      1648         86          0          8          0        984   Library Totals

    ----------------------------------------------------------------------

==============================================================================


      Code (inc. data)   RO Data    RW Data    ZI Data      Debug   

     23832       1510      46448        200       3216    1639415   Grand Totals
     23832       1510      46448        200       3216    1639415   ELF Image Totals
     23832       1510      46448        200          0          0   ROM Totals

==============================================================================

    Total RO  Size (Code + RO Data)                70280 (  68.63kB)
    Total RW  Size (RW Data + ZI Data)              3416 (   3.34kB)
    Total ROM Size (Code + RO Data + RW Data)      70480 (  68.83kB)

==============================================================================

